Archive member included to satisfy reference by file (symbol)

app/libapp.a(main.c.obj)      (--whole-archive)
zephyr/libzephyr.a(heap.c.obj)
                              (--whole-archive)
zephyr/libzephyr.a(cbprintf_packaged.c.obj)
                              (--whole-archive)
zephyr/libzephyr.a(printk.c.obj)
                              (--whole-archive)
zephyr/libzephyr.a(sem.c.obj)
                              (--whole-archive)
zephyr/libzephyr.a(thread_entry.c.obj)
                              (--whole-archive)
zephyr/libzephyr.a(cbprintf_complete.c.obj)
                              (--whole-archive)
zephyr/libzephyr.a(cbprintf.c.obj)
                              (--whole-archive)
zephyr/libzephyr.a(assert.c.obj)
                              (--whole-archive)
zephyr/libzephyr.a(mpsc_pbuf.c.obj)
                              (--whole-archive)
zephyr/libzephyr.a(dec.c.obj)
                              (--whole-archive)
zephyr/libzephyr.a(hex.c.obj)
                              (--whole-archive)
zephyr/libzephyr.a(rb.c.obj)  (--whole-archive)
zephyr/libzephyr.a(timeutil.c.obj)
                              (--whole-archive)
zephyr/libzephyr.a(bitarray.c.obj)
                              (--whole-archive)
zephyr/libzephyr.a(onoff.c.obj)
                              (--whole-archive)
zephyr/libzephyr.a(notify.c.obj)
                              (--whole-archive)
zephyr/libzephyr.a(configs.c.obj)
                              (--whole-archive)
zephyr/libzephyr.a(log_core.c.obj)
                              (--whole-archive)
zephyr/libzephyr.a(log_mgmt.c.obj)
                              (--whole-archive)
zephyr/libzephyr.a(log_cache.c.obj)
                              (--whole-archive)
zephyr/libzephyr.a(log_msg.c.obj)
                              (--whole-archive)
zephyr/libzephyr.a(log_output.c.obj)
                              (--whole-archive)
zephyr/libzephyr.a(log_backend_rtt.c.obj)
                              (--whole-archive)
zephyr/libzephyr.a(mem_attr.c.obj)
                              (--whole-archive)
zephyr/libzephyr.a(tracing_none.c.obj)
                              (--whole-archive)
zephyr/libzephyr.a(flash_util.c.obj)
                              (--whole-archive)
zephyr/libzephyr.a(banner.c.obj)
                              (--whole-archive)
zephyr/libzephyr.a(flash_map_partition_manager.c.obj)
                              (--whole-archive)
zephyr/libzephyr.a(nrf_cc3xx_platform_abort_zephyr.c.obj)
                              (--whole-archive)
zephyr/libzephyr.a(nrf_cc3xx_platform_mutex_zephyr.c.obj)
                              (--whole-archive)
zephyr/arch/common/libarch__common.a(sw_isr_common.c.obj)
                              (--whole-archive)
zephyr/arch/arch/arm/core/libarch__arm__core.a(fatal.c.obj)
                              (--whole-archive)
zephyr/arch/arch/arm/core/libarch__arm__core.a(nmi.c.obj)
                              (--whole-archive)
zephyr/arch/arch/arm/core/libarch__arm__core.a(nmi_on_reset.S.obj)
                              (--whole-archive)
zephyr/arch/arch/arm/core/cortex_m/libarch__arm__core__cortex_m.a(exc_exit.c.obj)
                              (--whole-archive)
zephyr/arch/arch/arm/core/cortex_m/libarch__arm__core__cortex_m.a(fault.c.obj)
                              (--whole-archive)
zephyr/arch/arch/arm/core/cortex_m/libarch__arm__core__cortex_m.a(fault_s.S.obj)
                              (--whole-archive)
zephyr/arch/arch/arm/core/cortex_m/libarch__arm__core__cortex_m.a(fpu.c.obj)
                              (--whole-archive)
zephyr/arch/arch/arm/core/cortex_m/libarch__arm__core__cortex_m.a(reset.S.obj)
                              (--whole-archive)
zephyr/arch/arch/arm/core/cortex_m/libarch__arm__core__cortex_m.a(scb.c.obj)
                              (--whole-archive)
zephyr/arch/arch/arm/core/cortex_m/libarch__arm__core__cortex_m.a(thread_abort.c.obj)
                              (--whole-archive)
zephyr/arch/arch/arm/core/cortex_m/libarch__arm__core__cortex_m.a(vector_table.S.obj)
                              (--whole-archive)
zephyr/arch/arch/arm/core/cortex_m/libarch__arm__core__cortex_m.a(swap.c.obj)
                              (--whole-archive)
zephyr/arch/arch/arm/core/cortex_m/libarch__arm__core__cortex_m.a(swap_helper.S.obj)
                              (--whole-archive)
zephyr/arch/arch/arm/core/cortex_m/libarch__arm__core__cortex_m.a(irq_manage.c.obj)
                              (--whole-archive)
zephyr/arch/arch/arm/core/cortex_m/libarch__arm__core__cortex_m.a(prep_c.c.obj)
                              (--whole-archive)
zephyr/arch/arch/arm/core/cortex_m/libarch__arm__core__cortex_m.a(thread.c.obj)
                              (--whole-archive)
zephyr/arch/arch/arm/core/cortex_m/libarch__arm__core__cortex_m.a(cpu_idle.c.obj)
                              (--whole-archive)
zephyr/arch/arch/arm/core/cortex_m/libarch__arm__core__cortex_m.a(irq_init.c.obj)
[...]
Memory Configuration

Name             Origin             Length             Attributes
FLASH            0x0000000000000000 0x0000000000100000 xr
RAM              0x0000000020000000 0x0000000000070000 xw
IDT_LIST         0x00000000ffff7fff 0x0000000000008000 xw
*default*        0x0000000000000000 0xffffffffffffffff

Linker script and memory map

LOAD zephyr/CMakeFiles/zephyr_final.dir/misc/empty_file.c.obj
LOAD zephyr/CMakeFiles/zephyr_final.dir/isr_tables.c.obj
LOAD zephyr/CMakeFiles/offsets.dir/./arch/arm/core/offsets/offsets.c.obj
LOAD app/libapp.a
LOAD zephyr/libzephyr.a
LOAD zephyr/arch/common/libarch__common.a
LOAD zephyr/arch/arch/arm/core/libarch__arm__core.a
LOAD zephyr/arch/arch/arm/core/cortex_m/libarch__arm__core__cortex_m.a
LOAD zephyr/arch/arch/arm/core/cortex_m/cmse/libarch__arm__core__cortex_m__cmse.a
LOAD zephyr/arch/arch/arm/core/mpu/libarch__arm__core__mpu.a
LOAD zephyr/lib/libc/newlib/liblib__libc__newlib.a
LOAD zephyr/lib/libc/common/liblib__libc__common.a
LOAD zephyr/soc/soc/nrf5340/libsoc__nordic.a
LOAD zephyr/drivers/clock_control/libdrivers__clock_control.a
LOAD zephyr/drivers/console/libdrivers__console.a
LOAD zephyr/drivers/flash/libdrivers__flash.a
LOAD zephyr/drivers/gpio/libdrivers__gpio.a
LOAD zephyr/drivers/i2s/libdrivers__i2s.a
LOAD zephyr/drivers/mbox/libdrivers__mbox.a
LOAD zephyr/drivers/pinctrl/libdrivers__pinctrl.a
LOAD zephyr/drivers/timer/libdrivers__timer.a
LOAD modules/nrf/drivers/hw_cc3xx/lib..__nrf__drivers__hw_cc3xx.a
LOAD modules/hal_nordic/nrfx/libmodules__hal_nordic__nrfx.a
LOAD modules/segger/libmodules__segger.a
LOAD zephyr/kernel/libkernel.a
LOAD zephyr/arch/common/libisr_tables.a
LOAD /opt/nordic/ncs/v2.9.0/nrfxlib/crypto/nrf_cc312_platform/lib/cortex-m33/soft-float/no-interrupts/libnrf_cc312_platform_0.9.19.a
LOAD /opt/nordic/ncs/toolchains/b8efef2ad5/opt/zephyr-sdk/arm-zephyr-eabi/arm-zephyr-eabi/lib/thumb/v8-m.main/nofp/libc_nano.a
LOAD /opt/nordic/ncs/toolchains/b8efef2ad5/opt/zephyr-sdk/arm-zephyr-eabi/arm-zephyr-eabi/lib/thumb/v8-m.main/nofp/libm_nano.a
LOAD /opt/nordic/ncs/toolchains/b8efef2ad5/opt/zephyr-sdk/arm-zephyr-eabi/arm-zephyr-eabi/lib/thumb/v8-m.main/nofp/libc_nano.a
LOAD /opt/nordic/ncs/toolchains/b8efef2ad5/opt/zephyr-sdk/arm-zephyr-eabi/bin/../lib/gcc/arm-zephyr-eabi/12.2.0/thumb/v8-m.main/nofp/libgcc.a
LOAD /opt/nordic/ncs/toolchains/b8efef2ad5/opt/zephyr-sdk/arm-zephyr-eabi/arm-zephyr-eabi/lib/thumb/v8-m.main/nofp/libc_nano.a
                0x0000000000000020                _region_min_align = 0x20

.rel.plt        0x0000000000000000        0x0
 *(SORT_BY_ALIGNMENT(.rel.plt))
                [!provide]                        PROVIDE (__rel_iplt_start = .)
 *(SORT_BY_ALIGNMENT(.rel.iplt))
 .rel.iplt      0x0000000000000000        0x0 zephyr/CMakeFiles/zephyr_final.dir/isr_tables.c.obj
                [!provide]                        PROVIDE (__rel_iplt_end = .)

.rela.plt       0x0000000000000000        0x0
 *(SORT_BY_ALIGNMENT(.rela.plt))
                [!provide]                        PROVIDE (__rela_iplt_start = .)
 *(SORT_BY_ALIGNMENT(.rela.iplt))
                [!provide]                        PROVIDE (__rela_iplt_end = .)

.rel.dyn
 *(SORT_BY_ALIGNMENT(.rel.*))

.rela.dyn
 *(SORT_BY_ALIGNMENT(.rela.*))

/DISCARD/
 *(SORT_BY_ALIGNMENT(.plt))

/DISCARD/
 *(SORT_BY_ALIGNMENT(.iplt))
                0x0000000000000000                __rom_region_start = 0x0

rom_start       0x0000000000000000      0x154
                0x0000000000000000                __rom_start_address = .
 FILL mask 0x00
                0x0000000000000000                . = (. + (0x0 - (. - __rom_start_address)))
                0x0000000000000000                . = ALIGN (0x4)
                0x0000000000000000                . = ALIGN (0x80)
                0x0000000000000000                . = ALIGN (0x200)
                0x0000000000000000                _vector_start = .
 *(SORT_BY_ALIGNMENT(.exc_vector_table))
 *(SORT_BY_ALIGNMENT(.exc_vector_table.*))
 .exc_vector_table._vector_table_section
                0x0000000000000000       0x40 zephyr/arch/arch/arm/core/cortex_m/libarch__arm__core__cortex_m.a(vector_table.S.obj)
                0x0000000000000000                _vector_table
 *(SORT_BY_ALIGNMENT(.vectors))
                0x0000000000000154                _vector_end = .
                0x0000000000000040                . = ALIGN (0x4)
 *(SORT_BY_ALIGNMENT(.gnu.linkonce.irq_vector_table*))
 .gnu.linkonce.irq_vector_table
                0x0000000000000040      0x114 zephyr/CMakeFiles/zephyr_final.dir/isr_tables.c.obj
                0x0000000000000040                _irq_vector_table
                0x0000000000000154                _vector_end = .

text            0x0000000000000158     0xe050
                0x0000000000000158                __text_region_start = .
 *(SORT_BY_ALIGNMENT(.text))
 .text          0x0000000000000158      0x378 /opt/nordic/ncs/toolchains/b8efef2ad5/opt/zephyr-sdk/arm-zephyr-eabi/bin/../lib/gcc/arm-zephyr-eabi/12.2.0/thumb/v8-m.main/nofp/libgcc.a(_arm_addsubdf3.o)
                0x0000000000000158                __aeabi_drsub
                0x0000000000000160                __subdf3
                0x0000000000000160                __aeabi_dsub
                0x0000000000000164                __aeabi_dadd
                0x0000000000000164                __adddf3
                0x00000000000003dc                __aeabi_ui2d
                0x00000000000003dc                __floatunsidf
                0x00000000000003fc                __floatsidf
                0x00000000000003fc                __aeabi_i2d
                0x0000000000000420                __extendsfdf2
                0x0000000000000420                __aeabi_f2d
                0x0000000000000464                __aeabi_ul2d
                0x0000000000000464                __floatundidf
                0x0000000000000474                __aeabi_l2d
                0x0000000000000474                __floatdidf
 .text          0x00000000000004d0      0x424 /opt/nordic/ncs/toolchains/b8efef2ad5/opt/zephyr-sdk/arm-zephyr-eabi/bin/../lib/gcc/arm-zephyr-eabi/12.2.0/thumb/v8-m.main/nofp/libgcc.a(_arm_muldivdf3.o)
                0x00000000000004d0                __aeabi_dmul
                0x00000000000004d0                __muldf3
                0x0000000000000724                __aeabi_ddiv
                0x0000000000000724                __divdf3
 .text          0x00000000000008f4      0x110 /opt/nordic/ncs/toolchains/b8efef2ad5/opt/zephyr-sdk/arm-zephyr-eabi/bin/../lib/gcc/arm-zephyr-eabi/12.2.0/thumb/v8-m.main/nofp/libgcc.a(_arm_cmpdf2.o)
                0x00000000000008f4                __gedf2
                0x00000000000008f4                __gtdf2
                0x00000000000008fc                __ledf2
                0x00000000000008fc                __ltdf2
                0x0000000000000904                __cmpdf2
                0x0000000000000904                __eqdf2
                0x0000000000000904                __nedf2
                0x0000000000000980                __aeabi_cdrcmple
                0x0000000000000990                __aeabi_cdcmple
                0x0000000000000990                __aeabi_cdcmpeq
                0x00000000000009a0                __aeabi_dcmpeq
                0x00000000000009b4                __aeabi_dcmplt
                0x00000000000009c8                __aeabi_dcmple
                0x00000000000009dc                __aeabi_dcmpge
                0x00000000000009f0                __aeabi_dcmpgt
 .text          0x0000000000000a04       0x2c /opt/nordic/ncs/toolchains/b8efef2ad5/opt/zephyr-sdk/arm-zephyr-eabi/bin/../lib/gcc/arm-zephyr-eabi/12.2.0/thumb/v8-m.main/nofp/libgcc.a(_arm_unorddf2.o)
                0x0000000000000a04                __aeabi_dcmpun
                0x0000000000000a04                __unorddf2
 .text          0x0000000000000a30       0x50 /opt/nordic/ncs/toolchains/b8efef2ad5/opt/zephyr-sdk/arm-zephyr-eabi/bin/../lib/gcc/arm-zephyr-eabi/12.2.0/thumb/v8-m.main/nofp/libgcc.a(_arm_fixdfsi.o)
                0x0000000000000a30                __fixdfsi
                0x0000000000000a30                __aeabi_d2iz
 .text          0x0000000000000a80       0x30 /opt/nordic/ncs/toolchains/b8efef2ad5/opt/zephyr-sdk/arm-zephyr-eabi/bin/../lib/gcc/arm-zephyr-eabi/12.2.0/thumb/v8-m.main/nofp/libgcc.a(_aeabi_uldivmod.o)
                0x0000000000000a80                __aeabi_uldivmod
 .text          0x0000000000000ab0        0x4 /opt/nordic/ncs/toolchains/b8efef2ad5/opt/zephyr-sdk/arm-zephyr-eabi/bin/../lib/gcc/arm-zephyr-eabi/12.2.0/thumb/v8-m.main/nofp/libgcc.a(_dvmd_tls.o)
                0x0000000000000ab0                __aeabi_ldiv0
                0x0000000000000ab0                __aeabi_idiv0
 .text          0x0000000000000ab4       0x10 /opt/nordic/ncs/toolchains/b8efef2ad5/opt/zephyr-sdk/arm-zephyr-eabi/arm-zephyr-eabi/lib/thumb/v8-m.main/nofp/libc_nano.a(lib_a-strlen.o)
                0x0000000000000ab4                strlen
 .text          0x0000000000000ac4      0x29c /opt/nordic/ncs/toolchains/b8efef2ad5/opt/zephyr-sdk/arm-zephyr-eabi/bin/../lib/gcc/arm-zephyr-eabi/12.2.0/thumb/v8-m.main/nofp/libgcc.a(_udivmoddi4.o)
                0x0000000000000ac4                __udivmoddi4
 *(SORT_BY_ALIGNMENT(.text.*))
 .text._dtoa_r  0x0000000000000d60      0xc58 /opt/nordic/ncs/toolchains/b8efef2ad5/opt/zephyr-sdk/arm-zephyr-eabi/arm-zephyr-eabi/lib/thumb/v8-m.main/nofp/libc_nano.a(lib_a-dtoa.o)
                0x0000000000000d60                _dtoa_r
 .text.calculate_crc32
                0x00000000000019b8       0x30 app/libapp.a(main.c.obj)
 .text.read_wav_chunk_from_flash.constprop.0
                0x00000000000019e8      0x170 app/libapp.a(main.c.obj)
 .text.flash_wav_read.constprop.0
                0x0000000000001b58       0xbc app/libapp.a(main.c.obj)
 .text.validate_wav_header
                0x0000000000001c14       0xd0 app/libapp.a(main.c.obj)
 .text.wav_upload_chunked.constprop.0
                0x0000000000001ce4      0x1c0 app/libapp.a(main.c.obj)
 .text.wav_file_test
                0x0000000000001ea4       0xc4 app/libapp.a(main.c.obj)
                0x0000000000001ea4                wav_file_test
 .text.single_sector_test
                0x0000000000001f68      0x194 app/libapp.a(main.c.obj)
                0x0000000000001f68                single_sector_test
 .text.main     0x00000000000020fc      0x590 app/libapp.a(main.c.obj)
                0x00000000000020fc                main
 .text.cbvprintf_package
                0x000000000000268c      0x3a4 zephyr/libzephyr.a(cbprintf_packaged.c.obj)
                0x000000000000268c                cbvprintf_package
 .text.cbprintf_package_convert
                0x0000000000002a30      0x3c0 zephyr/libzephyr.a(cbprintf_packaged.c.obj)
                0x0000000000002a30                cbprintf_package_convert
 .text.__printk_hook_install
                0x0000000000002df0        0xc zephyr/libzephyr.a(printk.c.obj)
                0x0000000000002df0                __printk_hook_install
 .text.vsnprintk
                0x0000000000002dfc       0x2c zephyr/libzephyr.a(printk.c.obj)
                0x0000000000002dfc                vsnprintk
 .text.extract_decimal
                0x0000000000002e28       0x2c zephyr/libzephyr.a(cbprintf_complete.c.obj)
 .text.encode_uint
                0x0000000000002e54       0x9c zephyr/libzephyr.a(cbprintf_complete.c.obj)
 .text.z_cbvprintf_impl
                0x0000000000002ef0      0x768 zephyr/libzephyr.a(cbprintf_complete.c.obj)
                0x0000000000002ef0                z_cbvprintf_impl
 .text.process_event
                0x0000000000003658      0x21c zephyr/libzephyr.a(onoff.c.obj)
 .text.activate_foreach_backend
                0x0000000000003874       0x64 zephyr/libzephyr.a(log_core.c.obj)
 .text.enable_logger
                0x00000000000038d8       0x5c zephyr/libzephyr.a(log_core.c.obj)
 .text.log_process_thread_timer_expiry_fn
                0x0000000000003934        0xc zephyr/libzephyr.a(log_core.c.obj)
 .text.z_log_init
                0x0000000000003940       0x90 zephyr/libzephyr.a(log_core.c.obj)
 .text.log_format_func_t_get
                0x00000000000039d0        0xc zephyr/libzephyr.a(log_core.c.obj)
                0x00000000000039d0                log_format_func_t_get
 .text.log_set_timestamp_func
                0x00000000000039dc       0x20 zephyr/libzephyr.a(log_core.c.obj)
                0x00000000000039dc                log_set_timestamp_func
 .text.z_log_notify_backend_enabled
                0x00000000000039fc       0x1c zephyr/libzephyr.a(log_core.c.obj)
                0x00000000000039fc                z_log_notify_backend_enabled
 .text.z_log_dropped
                0x0000000000003a18       0x3c zephyr/libzephyr.a(log_core.c.obj)
                0x0000000000003a18                z_log_dropped
 .text.z_log_dropped_read_and_clear
                0x0000000000003a54       0x18 zephyr/libzephyr.a(log_core.c.obj)
                0x0000000000003a54                z_log_dropped_read_and_clear
 .text.dropped_notify
                0x0000000000003a6c       0x30 zephyr/libzephyr.a(log_core.c.obj)
                0x0000000000003a6c                dropped_notify
 .text.z_log_msg_init
                0x0000000000003a9c       0x20 zephyr/libzephyr.a(log_core.c.obj)
                0x0000000000003a9c                z_log_msg_init
 .text.log_core_init
                0x0000000000003abc       0x34 zephyr/libzephyr.a(log_core.c.obj)
                0x0000000000003abc                log_core_init
 .text.z_log_msg_alloc
                0x0000000000003af0       0x10 zephyr/libzephyr.a(log_core.c.obj)
                0x0000000000003af0                z_log_msg_alloc
 .text.z_log_msg_local_claim
                0x0000000000003b00        0xc zephyr/libzephyr.a(log_core.c.obj)
                0x0000000000003b00                z_log_msg_local_claim
 .text.z_log_msg_free
                0x0000000000003b0c       0x10 zephyr/libzephyr.a(log_core.c.obj)
                0x0000000000003b0c                z_log_msg_free
 .text.z_log_msg_pending
                0x0000000000003b1c        0xc zephyr/libzephyr.a(log_core.c.obj)
                0x0000000000003b1c                z_log_msg_pending
 .text.z_impl_log_process
                0x0000000000003b28       0xb4 zephyr/libzephyr.a(log_core.c.obj)
                0x0000000000003b28                z_impl_log_process
 .text.z_impl_log_panic
                0x0000000000003bdc       0x44 zephyr/libzephyr.a(log_core.c.obj)
                0x0000000000003bdc                z_impl_log_panic
 .text.log_process_thread_func
                0x0000000000003c20       0x9c zephyr/libzephyr.a(log_core.c.obj)
 .text.z_log_msg_post_finalize
                0x0000000000003cbc       0x78 zephyr/libzephyr.a(log_core.c.obj)
 .text.z_log_msg_commit
                0x0000000000003d34       0x24 zephyr/libzephyr.a(log_core.c.obj)
                0x0000000000003d34                z_log_msg_commit
 .text.log_source_name_get
                0x0000000000003d58       0x1c zephyr/libzephyr.a(log_mgmt.c.obj)
                0x0000000000003d58                log_source_name_get
 .text.log_backend_enable
                0x0000000000003d74       0x28 zephyr/libzephyr.a(log_mgmt.c.obj)
                0x0000000000003d74                log_backend_enable
 .text.z_impl_z_log_msg_static_create
                0x0000000000003d9c      0x108 zephyr/libzephyr.a(log_msg.c.obj)
                0x0000000000003d9c                z_impl_z_log_msg_static_create
 .text.z_log_msg_runtime_vcreate
                0x0000000000003ea4       0xa0 zephyr/libzephyr.a(log_msg.c.obj)
                0x0000000000003ea4                z_log_msg_runtime_vcreate
 .text.log_msg_get_source_id
                0x0000000000003f44       0x18 zephyr/libzephyr.a(log_msg.c.obj)
                0x0000000000003f44                log_msg_get_source_id
 .text.print_formatted
                0x0000000000003f5c       0x24 zephyr/libzephyr.a(log_output.c.obj)
 .text.newline_print
                0x0000000000003f80       0x1c zephyr/libzephyr.a(log_output.c.obj)
 .text.log_output_process
                0x0000000000003f9c      0x2dc zephyr/libzephyr.a(log_output.c.obj)
                0x0000000000003f9c                log_output_process
 .text.log_output_dropped_process
                0x0000000000004278       0x58 zephyr/libzephyr.a(log_output.c.obj)
                0x0000000000004278                log_output_dropped_process
 .text.log_output_timestamp_freq_set
                0x00000000000042d0       0x2c zephyr/libzephyr.a(log_output.c.obj)
                0x00000000000042d0                log_output_timestamp_freq_set
 .text.log_backend_rtt_init
                0x00000000000042fc        0xc zephyr/libzephyr.a(log_backend_rtt.c.obj)
 .text.format_set
                0x0000000000004308        0xc zephyr/libzephyr.a(log_backend_rtt.c.obj)
 .text.dropped  0x0000000000004314        0xc zephyr/libzephyr.a(log_backend_rtt.c.obj)
 .text.process  0x0000000000004320       0x24 zephyr/libzephyr.a(log_backend_rtt.c.obj)
 .text.panic    0x0000000000004344       0x34 zephyr/libzephyr.a(log_backend_rtt.c.obj)
 .text.on_failed_write
                0x0000000000004378       0x28 zephyr/libzephyr.a(log_backend_rtt.c.obj)
 .text.data_out_block_mode
                0x00000000000043a0       0x84 zephyr/libzephyr.a(log_backend_rtt.c.obj)
 .text.mem_attr_get_regions
                0x0000000000004424        0xc zephyr/libzephyr.a(mem_attr.c.obj)
                0x0000000000004424                mem_attr_get_regions
 .text.boot_banner
                0x0000000000004430       0x1c zephyr/libzephyr.a(banner.c.obj)
                0x0000000000004430                boot_banner
 .text.nrf_cc3xx_platform_abort_init
                0x000000000000444c        0xc zephyr/libzephyr.a(nrf_cc3xx_platform_abort_zephyr.c.obj)
                0x000000000000444c                nrf_cc3xx_platform_abort_init
 .text.mutex_free_platform
                0x0000000000004458       0x54 zephyr/libzephyr.a(nrf_cc3xx_platform_mutex_zephyr.c.obj)
 .text.mutex_lock_platform
                0x00000000000044ac       0x74 zephyr/libzephyr.a(nrf_cc3xx_platform_mutex_zephyr.c.obj)
 .text.mutex_unlock_platform
                0x0000000000004520       0x68 zephyr/libzephyr.a(nrf_cc3xx_platform_mutex_zephyr.c.obj)
 .text.mutex_init_platform
                0x0000000000004588       0x94 zephyr/libzephyr.a(nrf_cc3xx_platform_mutex_zephyr.c.obj)
 .text.nrf_cc3xx_platform_mutex_init
                0x000000000000461c       0x2c zephyr/libzephyr.a(nrf_cc3xx_platform_mutex_zephyr.c.obj)
                0x000000000000461c                nrf_cc3xx_platform_mutex_init
 .text.z_arm_fatal_error
                0x0000000000004648       0xb8 zephyr/arch/arch/arm/core/libarch__arm__core.a(fatal.c.obj)
                0x0000000000004648                z_arm_fatal_error
 .text.z_SysNmiOnReset
                0x0000000000004700        0x8 zephyr/arch/arch/arm/core/libarch__arm__core.a(nmi_on_reset.S.obj)
                0x0000000000004700                z_SysNmiOnReset
 .text._HandlerModeExit
                0x0000000000004708       0x28 zephyr/arch/arch/arm/core/cortex_m/libarch__arm__core__cortex_m.a(exc_exit.c.obj)
                0x0000000000004708                z_arm_exc_exit
                0x0000000000004708                z_arm_int_exit
 .text.mem_manage_fault.constprop.0
                0x0000000000004730       0xd0 zephyr/arch/arch/arm/core/cortex_m/libarch__arm__core__cortex_m.a(fault.c.obj)
 .text.usage_fault.constprop.0
                0x0000000000004800       0xbc zephyr/arch/arch/arm/core/cortex_m/libarch__arm__core__cortex_m.a(fault.c.obj)
 .text.bus_fault.constprop.0
                0x00000000000048bc       0xd0 zephyr/arch/arch/arm/core/cortex_m/libarch__arm__core__cortex_m.a(fault.c.obj)
 .text.z_arm_fault
                0x000000000000498c      0x1d0 zephyr/arch/arch/arm/core/cortex_m/libarch__arm__core__cortex_m.a(fault.c.obj)
                0x000000000000498c                z_arm_fault
 .text.z_arm_fault_init
                0x0000000000004b5c       0x20 zephyr/arch/arch/arm/core/cortex_m/libarch__arm__core__cortex_m.a(fault.c.obj)
                0x0000000000004b5c                z_arm_fault_init
 .text.__fault  0x0000000000004b7c       0x14 zephyr/arch/arch/arm/core/cortex_m/libarch__arm__core__cortex_m.a(fault_s.S.obj)
                0x0000000000004b7c                z_arm_bus_fault
                0x0000000000004b7c                z_arm_usage_fault
                0x0000000000004b7c                z_arm_mpu_fault
                0x0000000000004b7c                z_arm_exc_spurious
                0x0000000000004b7c                z_arm_debug_monitor
                0x0000000000004b7c                z_arm_hard_fault
 .text._reset_section
                0x0000000000004b90       0x60 zephyr/arch/arch/arm/core/cortex_m/libarch__arm__core__cortex_m.a(reset.S.obj)
                0x0000000000004b90                z_arm_reset
                0x0000000000004b90                __start
 .text.z_arm_clear_arm_mpu_config
                0x0000000000004bf0       0x24 zephyr/arch/arch/arm/core/cortex_m/libarch__arm__core__cortex_m.a(scb.c.obj)
                0x0000000000004bf0                z_arm_clear_arm_mpu_config
 .text.z_arm_init_arch_hw_at_boot
                0x0000000000004c14       0x4c zephyr/arch/arch/arm/core/cortex_m/libarch__arm__core__cortex_m.a(scb.c.obj)
                0x0000000000004c14                z_arm_init_arch_hw_at_boot
 .text.z_impl_k_thread_abort
                0x0000000000004c60       0x2c zephyr/arch/arch/arm/core/cortex_m/libarch__arm__core__cortex_m.a(thread_abort.c.obj)
                0x0000000000004c60                z_impl_k_thread_abort
 .text.arch_swap
                0x0000000000004c8c       0x30 zephyr/arch/arch/arm/core/cortex_m/libarch__arm__core__cortex_m.a(swap.c.obj)
                0x0000000000004c8c                arch_swap
 .text.z_arm_pendsv_c
                0x0000000000004cbc       0x34 zephyr/arch/arch/arm/core/cortex_m/libarch__arm__core__cortex_m.a(swap.c.obj)
                0x0000000000004cbc                z_arm_pendsv_c
 .text.z_arm_pendsv
                0x0000000000004cf0       0x40 zephyr/arch/arch/arm/core/cortex_m/libarch__arm__core__cortex_m.a(swap_helper.S.obj)
                0x0000000000004cf0                z_arm_pendsv
 .text.z_arm_svc
                0x0000000000004d30       0x20 zephyr/arch/arch/arm/core/cortex_m/libarch__arm__core__cortex_m.a(swap_helper.S.obj)
                0x0000000000004d30                z_arm_svc
 .text.arch_irq_enable
                0x0000000000004d50       0x1c zephyr/arch/arch/arm/core/cortex_m/libarch__arm__core__cortex_m.a(irq_manage.c.obj)
                0x0000000000004d50                arch_irq_enable
 .text.arch_irq_disable
                0x0000000000004d6c       0x28 zephyr/arch/arch/arm/core/cortex_m/libarch__arm__core__cortex_m.a(irq_manage.c.obj)
                0x0000000000004d6c                arch_irq_disable
 .text.arch_irq_is_enabled
                0x0000000000004d94       0x1c zephyr/arch/arch/arm/core/cortex_m/libarch__arm__core__cortex_m.a(irq_manage.c.obj)
                0x0000000000004d94                arch_irq_is_enabled
 .text.z_arm_irq_priority_set
                0x0000000000004db0       0x2c zephyr/arch/arch/arm/core/cortex_m/libarch__arm__core__cortex_m.a(irq_manage.c.obj)
                0x0000000000004db0                z_arm_irq_priority_set
 .text.z_prep_c
                0x0000000000004ddc       0x38 zephyr/arch/arch/arm/core/cortex_m/libarch__arm__core__cortex_m.a(prep_c.c.obj)
                0x0000000000004ddc                z_prep_c
 .text.arch_new_thread
                0x0000000000004e14       0x38 zephyr/arch/arch/arm/core/cortex_m/libarch__arm__core__cortex_m.a(thread.c.obj)
                0x0000000000004e14                arch_new_thread
 .text.arch_switch_to_main_thread
                0x0000000000004e4c       0x3c zephyr/arch/arch/arm/core/cortex_m/libarch__arm__core__cortex_m.a(thread.c.obj)
                0x0000000000004e4c                arch_switch_to_main_thread
 .text.z_arm_cpu_idle_init
                0x0000000000004e88        0xc zephyr/arch/arch/arm/core/cortex_m/libarch__arm__core__cortex_m.a(cpu_idle.c.obj)
                0x0000000000004e88                z_arm_cpu_idle_init
 .text.z_arm_interrupt_init
                0x0000000000004e94       0x18 zephyr/arch/arch/arm/core/cortex_m/libarch__arm__core__cortex_m.a(irq_init.c.obj)
                0x0000000000004e94                z_arm_interrupt_init
 .text._isr_wrapper
                0x0000000000004eac       0x24 zephyr/arch/arch/arm/core/cortex_m/libarch__arm__core__cortex_m.a(isr_wrapper.c.obj)
                0x0000000000004eac                _isr_wrapper
 .text.z_arm_configure_static_mpu_regions
                0x0000000000004ed0       0x38 zephyr/arch/arch/arm/core/mpu/libarch__arm__core__mpu.a(arm_core_mpu.c.obj)
                0x0000000000004ed0                z_arm_configure_static_mpu_regions
 .text.region_init
                0x0000000000004f08       0x34 zephyr/arch/arch/arm/core/mpu/libarch__arm__core__mpu.a(arm_mpu.c.obj)
 .text.region_allocate_and_init
                0x0000000000004f3c       0x38 zephyr/arch/arch/arm/core/mpu/libarch__arm__core__mpu.a(arm_mpu.c.obj)
 .text.mpu_configure_regions_and_partition.constprop.0
                0x0000000000004f74      0x164 zephyr/arch/arch/arm/core/mpu/libarch__arm__core__mpu.a(arm_mpu.c.obj)
 .text.arm_core_mpu_enable
                0x00000000000050d8       0x18 zephyr/arch/arch/arm/core/mpu/libarch__arm__core__mpu.a(arm_mpu.c.obj)
                0x00000000000050d8                arm_core_mpu_enable
 .text.arm_core_mpu_disable
                0x00000000000050f0       0x14 zephyr/arch/arch/arm/core/mpu/libarch__arm__core__mpu.a(arm_mpu.c.obj)
                0x00000000000050f0                arm_core_mpu_disable
 .text.arm_core_mpu_configure_static_mpu_regions
                0x0000000000005104       0x14 zephyr/arch/arch/arm/core/mpu/libarch__arm__core__mpu.a(arm_mpu.c.obj)
                0x0000000000005104                arm_core_mpu_configure_static_mpu_regions
 .text.arm_core_mpu_mark_areas_for_dynamic_regions
                0x0000000000005118       0xb8 zephyr/arch/arch/arm/core/mpu/libarch__arm__core__mpu.a(arm_mpu.c.obj)
                0x0000000000005118                arm_core_mpu_mark_areas_for_dynamic_regions
 .text.z_arm_mpu_init
                0x00000000000051d0      0x11c zephyr/arch/arch/arm/core/mpu/libarch__arm__core__mpu.a(arm_mpu.c.obj)
                0x00000000000051d0                z_arm_mpu_init
 .text.__stdout_hook_install
                0x00000000000052ec        0xc zephyr/lib/libc/newlib/liblib__libc__newlib.a(libc-hooks.c.obj)
                0x00000000000052ec                __stdout_hook_install
 .text.z_impl_zephyr_read_stdin
                0x00000000000052f8       0x28 zephyr/lib/libc/newlib/liblib__libc__newlib.a(libc-hooks.c.obj)
                0x00000000000052f8                z_impl_zephyr_read_stdin
 .text.z_impl_zephyr_write_stdout
                0x0000000000005320       0x30 zephyr/lib/libc/newlib/liblib__libc__newlib.a(libc-hooks.c.obj)
                0x0000000000005320                z_impl_zephyr_write_stdout
 .text._sbrk    0x0000000000005350       0x28 zephyr/lib/libc/newlib/liblib__libc__newlib.a(libc-hooks.c.obj)
                0x0000000000005350                _sbrk
                0x0000000000005350                sbrk
 .text.abort    0x0000000000005378       0x1c zephyr/lib/libc/common/liblib__libc__common.a(abort.c.obj)
                0x0000000000005378                abort
 .text.nrf_gpio_pin_control_select
                0x0000000000005394       0x3c zephyr/soc/soc/nrf5340/libsoc__nordic.a(soc.c.obj)
 .text.nordicsemi_nrf53_init
                0x00000000000053d0       0x5c zephyr/soc/soc/nrf5340/libsoc__nordic.a(soc.c.obj)
 .text.rtc_pretick_init
                0x000000000000542c       0x60 zephyr/soc/soc/nrf5340/libsoc__nordic.a(soc.c.obj)
 .text.z_arm_on_enter_cpu_idle
                0x000000000000548c       0x64 zephyr/soc/soc/nrf5340/libsoc__nordic.a(soc.c.obj)
                0x000000000000548c                z_arm_on_enter_cpu_idle
 .text.arch_busy_wait
                0x00000000000054f0       0x24 zephyr/soc/soc/nrf5340/libsoc__nordic.a(soc.c.obj)
                0x00000000000054f0                arch_busy_wait
 .text.nrf53_cpunet_mgmt_init
                0x0000000000005514       0x10 zephyr/soc/soc/nrf5340/libsoc__nordic.a(nrf53_cpunet_mgmt.c.obj)
 .text.onoff_start
                0x0000000000005524       0x6c zephyr/soc/soc/nrf5340/libsoc__nordic.a(nrf53_cpunet_mgmt.c.obj)
 .text.rtc_cb   0x0000000000005590       0x50 zephyr/soc/soc/nrf5340/libsoc__nordic.a(sync_rtc.c.obj)
 .text.sync_rtc_setup
                0x00000000000055e0       0xd0 zephyr/soc/soc/nrf5340/libsoc__nordic.a(sync_rtc.c.obj)
 .text.mbox_callback
                0x00000000000056b0       0x80 zephyr/soc/soc/nrf5340/libsoc__nordic.a(sync_rtc.c.obj)
 .text.onoff_stop
                0x0000000000005730       0x30 zephyr/drivers/clock_control/libdrivers__clock_control.a(clock_control_nrf.c.obj)
 .text.onoff_start
                0x0000000000005760       0x44 zephyr/drivers/clock_control/libdrivers__clock_control.a(clock_control_nrf.c.obj)
 .text.generic_hfclk_stop
                0x00000000000057a4       0x34 zephyr/drivers/clock_control/libdrivers__clock_control.a(clock_control_nrf.c.obj)
 .text.clk_init
                0x00000000000057d8       0x70 zephyr/drivers/clock_control/libdrivers__clock_control.a(clock_control_nrf.c.obj)
 .text.api_blocking_start
                0x0000000000005848       0x34 zephyr/drivers/clock_control/libdrivers__clock_control.a(clock_control_nrf.c.obj)
 .text.clkstarted_handle.constprop.0
                0x000000000000587c       0x4c zephyr/drivers/clock_control/libdrivers__clock_control.a(clock_control_nrf.c.obj)
 .text.generic_hfclk_start
                0x00000000000058c8       0x78 zephyr/drivers/clock_control/libdrivers__clock_control.a(clock_control_nrf.c.obj)
 .text.clock_event_handler
                0x0000000000005940       0x30 zephyr/drivers/clock_control/libdrivers__clock_control.a(clock_control_nrf.c.obj)
 .text.z_nrf_clock_control_get_onoff
                0x0000000000005970       0x10 zephyr/drivers/clock_control/libdrivers__clock_control.a(clock_control_nrf.c.obj)
                0x0000000000005970                z_nrf_clock_control_get_onoff
 .text.z_nrf_clock_control_lf_on
                0x0000000000005980       0xf8 zephyr/drivers/clock_control/libdrivers__clock_control.a(clock_control_nrf.c.obj)
                0x0000000000005980                z_nrf_clock_control_lf_on
 .text.rtt_console_init
                0x0000000000005a78       0x18 zephyr/drivers/console/libdrivers__console.a(rtt_console.c.obj)
 .text.rtt_console_out
                0x0000000000005a90       0x48 zephyr/drivers/console/libdrivers__console.a(rtt_console.c.obj)
 .text.qspi_nor_pages_layout
                0x0000000000005ad8       0x10 zephyr/drivers/flash/libdrivers__flash.a(nrf_qspi_nor.c.obj)
 .text.qspi_flash_get_parameters
                0x0000000000005ae8        0x8 zephyr/drivers/flash/libdrivers__flash.a(nrf_qspi_nor.c.obj)
 .text.nrf_qspi_pins_set.constprop.0
                0x0000000000005af0       0x5c zephyr/drivers/flash/libdrivers__flash.a(nrf_qspi_nor.c.obj)
 .text.qspi_wait_for_completion.isra.0
                0x0000000000005b4c       0x1c zephyr/drivers/flash/libdrivers__flash.a(nrf_qspi_nor.c.obj)
 .text.qspi_get_zephyr_ret_code
                0x0000000000005b68       0x54 zephyr/drivers/flash/libdrivers__flash.a(nrf_qspi_nor.c.obj)
 .text.qspi_send_cmd.constprop.0
                0x0000000000005bbc       0x78 zephyr/drivers/flash/libdrivers__flash.a(nrf_qspi_nor.c.obj)
 .text.qspi_nor_init
                0x0000000000005c34      0x26c zephyr/drivers/flash/libdrivers__flash.a(nrf_qspi_nor.c.obj)
 .text.qspi_nor_read
                0x0000000000005ea0      0x144 zephyr/drivers/flash/libdrivers__flash.a(nrf_qspi_nor.c.obj)
 .text.qspi_nor_write
                0x0000000000005fe4      0x120 zephyr/drivers/flash/libdrivers__flash.a(nrf_qspi_nor.c.obj)
 .text.qspi_nor_erase
                0x0000000000006104      0x148 zephyr/drivers/flash/libdrivers__flash.a(nrf_qspi_nor.c.obj)
 .text.flash_nrf_pages_layout
                0x000000000000624c       0x10 zephyr/drivers/flash/libdrivers__flash.a(soc_flash_nrf.c.obj)
 .text.flash_nrf_get_parameters
                0x000000000000625c        0x8 zephyr/drivers/flash/libdrivers__flash.a(soc_flash_nrf.c.obj)
 .text.flash_nrf_read.part.0
                0x0000000000006264       0x24 zephyr/drivers/flash/libdrivers__flash.a(soc_flash_nrf.c.obj)
 .text.nrf_flash_init
                0x0000000000006288       0x28 zephyr/drivers/flash/libdrivers__flash.a(soc_flash_nrf.c.obj)
 .text.flash_nrf_erase
                0x00000000000062b0       0x8c zephyr/drivers/flash/libdrivers__flash.a(soc_flash_nrf.c.obj)
 .text.flash_nrf_write
                0x000000000000633c       0x88 zephyr/drivers/flash/libdrivers__flash.a(soc_flash_nrf.c.obj)
 .text.gpio_nrfx_pin_interrupt_configure
                0x00000000000063c4      0x100 zephyr/drivers/gpio/libdrivers__gpio.a(gpio_nrfx.c.obj)
 .text.gpio_nrfx_init
                0x00000000000064c4       0x48 zephyr/drivers/gpio/libdrivers__gpio.a(gpio_nrfx.c.obj)
 .text.nrfx_gpio_handler
                0x000000000000650c       0x4c zephyr/drivers/gpio/libdrivers__gpio.a(gpio_nrfx.c.obj)
 .text.gpio_nrfx_pin_configure
                0x0000000000006558      0x188 zephyr/drivers/gpio/libdrivers__gpio.a(gpio_nrfx.c.obj)
 .text.get_next_rx_buffer
                0x00000000000066e0       0x2c zephyr/drivers/i2s/libdrivers__i2s.a(i2s_nrfx.c.obj)
 .text.start_transfer
                0x000000000000670c       0xc8 zephyr/drivers/i2s/libdrivers__i2s.a(i2s_nrfx.c.obj)
 .text.i2s_nrfx_init0
                0x00000000000067d4       0x68 zephyr/drivers/i2s/libdrivers__i2s.a(i2s_nrfx.c.obj)
 .text.i2s_nrfx_write
                0x000000000000683c       0xdc zephyr/drivers/i2s/libdrivers__i2s.a(i2s_nrfx.c.obj)
 .text.data_handler0
                0x0000000000006918      0x1a4 zephyr/drivers/i2s/libdrivers__i2s.a(i2s_nrfx.c.obj)
 .text.i2s_nrfx_configure
                0x0000000000006abc      0x334 zephyr/drivers/i2s/libdrivers__i2s.a(i2s_nrfx.c.obj)
 .text.i2s_nrfx_trigger
                0x0000000000006df0      0x1e8 zephyr/drivers/i2s/libdrivers__i2s.a(i2s_nrfx.c.obj)
 .text.i2s_nrfx_read
                0x0000000000006fd8       0x84 zephyr/drivers/i2s/libdrivers__i2s.a(i2s_nrfx.c.obj)
 .text.mbox_nrf_init
                0x000000000000705c       0x9c zephyr/drivers/mbox/libdrivers__mbox.a(mbox_nrfx_ipc.c.obj)
 .text.mbox_nrf_set_enabled
                0x00000000000070f8       0x94 zephyr/drivers/mbox/libdrivers__mbox.a(mbox_nrfx_ipc.c.obj)
 .text.mbox_nrf_send
                0x000000000000718c       0x44 zephyr/drivers/mbox/libdrivers__mbox.a(mbox_nrfx_ipc.c.obj)
 .text.mbox_dispatcher
                0x00000000000071d0       0x60 zephyr/drivers/mbox/libdrivers__mbox.a(mbox_nrfx_ipc.c.obj)
 .text.nrf_gpio_pin_port_decode
                0x0000000000007230       0x24 zephyr/drivers/pinctrl/libdrivers__pinctrl.a(pinctrl_nrf.c.obj)
 .text.pinctrl_configure_pins
                0x0000000000007254      0x178 zephyr/drivers/pinctrl/libdrivers__pinctrl.a(pinctrl_nrf.c.obj)
                0x0000000000007254                pinctrl_configure_pins
 .text.compare_int_lock
                0x00000000000073cc       0x40 zephyr/drivers/timer/libdrivers__timer.a(nrf_rtc_timer.c.obj)
 .text.sys_clock_timeout_handler
                0x000000000000740c       0x48 zephyr/drivers/timer/libdrivers__timer.a(nrf_rtc_timer.c.obj)
 .text.compare_int_unlock
                0x0000000000007454       0x4c zephyr/drivers/timer/libdrivers__timer.a(nrf_rtc_timer.c.obj)
 .text.z_nrf_rtc_timer_compare_evt_address_get
                0x00000000000074a0       0x10 zephyr/drivers/timer/libdrivers__timer.a(nrf_rtc_timer.c.obj)
                0x00000000000074a0                z_nrf_rtc_timer_compare_evt_address_get
 .text.z_nrf_rtc_timer_compare_read
                0x00000000000074b0       0x10 zephyr/drivers/timer/libdrivers__timer.a(nrf_rtc_timer.c.obj)
                0x00000000000074b0                z_nrf_rtc_timer_compare_read
 .text.z_nrf_rtc_timer_read
                0x00000000000074c0       0x44 zephyr/drivers/timer/libdrivers__timer.a(nrf_rtc_timer.c.obj)
                0x00000000000074c0                z_nrf_rtc_timer_read
 .text.compare_set
                0x0000000000007504      0x124 zephyr/drivers/timer/libdrivers__timer.a(nrf_rtc_timer.c.obj)
 .text.sys_clock_driver_init
                0x0000000000007628       0xa4 zephyr/drivers/timer/libdrivers__timer.a(nrf_rtc_timer.c.obj)
 .text.rtc_nrf_isr
                0x00000000000076cc      0x100 zephyr/drivers/timer/libdrivers__timer.a(nrf_rtc_timer.c.obj)
                0x00000000000076cc                rtc_nrf_isr
 .text.z_nrf_rtc_timer_chan_alloc
                0x00000000000077cc       0x3c zephyr/drivers/timer/libdrivers__timer.a(nrf_rtc_timer.c.obj)
                0x00000000000077cc                z_nrf_rtc_timer_chan_alloc
 .text.z_nrf_rtc_timer_chan_free
                0x0000000000007808       0x1c zephyr/drivers/timer/libdrivers__timer.a(nrf_rtc_timer.c.obj)
                0x0000000000007808                z_nrf_rtc_timer_chan_free
 .text.sys_clock_set_timeout
                0x0000000000007824       0x5c zephyr/drivers/timer/libdrivers__timer.a(nrf_rtc_timer.c.obj)
                0x0000000000007824                sys_clock_set_timeout
 .text.sys_clock_elapsed
                0x0000000000007880       0x14 zephyr/drivers/timer/libdrivers__timer.a(nrf_rtc_timer.c.obj)
                0x0000000000007880                sys_clock_elapsed
 .text.nrf53_errata_42
                0x0000000000007894       0x24 modules/hal_nordic/nrfx/libmodules__hal_nordic__nrfx.a(system_nrf5340_application.c.obj)
 .text.SystemInit
                0x00000000000078b8      0x1c4 modules/hal_nordic/nrfx/libmodules__hal_nordic__nrfx.a(system_nrf5340_application.c.obj)
                0x00000000000078b8                SystemInit
 .text.nrfx_flag32_alloc
                0x0000000000007a7c       0x40 modules/hal_nordic/nrfx/libmodules__hal_nordic__nrfx.a(nrfx_flag32_allocator.c.obj)
                0x0000000000007a7c                nrfx_flag32_alloc
 .text.nrfx_flag32_free
                0x0000000000007abc       0x38 modules/hal_nordic/nrfx/libmodules__hal_nordic__nrfx.a(nrfx_flag32_allocator.c.obj)
                0x0000000000007abc                nrfx_flag32_free
 .text.nrfx_gppi_channels_enable
                0x0000000000007af4        0xc modules/hal_nordic/nrfx/libmodules__hal_nordic__nrfx.a(nrfx_gppi_dppi.c.obj)
                0x0000000000007af4                nrfx_gppi_channels_enable
 .text.nrfx_gppi_channels_disable
                0x0000000000007b00        0xc modules/hal_nordic/nrfx/libmodules__hal_nordic__nrfx.a(nrfx_gppi_dppi.c.obj)
                0x0000000000007b00                nrfx_gppi_channels_disable
 .text.nrfx_gppi_channel_alloc
                0x0000000000007b0c        0xc modules/hal_nordic/nrfx/libmodules__hal_nordic__nrfx.a(nrfx_gppi_dppi.c.obj)
                0x0000000000007b0c                nrfx_gppi_channel_alloc
 .text.nrfx_clock_init
                0x0000000000007b18       0x20 modules/hal_nordic/nrfx/libmodules__hal_nordic__nrfx.a(nrfx_clock.c.obj)
                0x0000000000007b18                nrfx_clock_init
 .text.nrfx_clock_enable
                0x0000000000007b38       0x30 modules/hal_nordic/nrfx/libmodules__hal_nordic__nrfx.a(nrfx_clock.c.obj)
                0x0000000000007b38                nrfx_clock_enable
 .text.nrfx_clock_start
                0x0000000000007b68       0xd0 modules/hal_nordic/nrfx/libmodules__hal_nordic__nrfx.a(nrfx_clock.c.obj)
                0x0000000000007b68                nrfx_clock_start
 .text.nrfx_power_clock_irq_handler
                0x0000000000007c38       0xb0 modules/hal_nordic/nrfx/libmodules__hal_nordic__nrfx.a(nrfx_clock.c.obj)
                0x0000000000007c38                nrfx_power_clock_irq_handler
 .text.nrfx_dppi_channel_alloc
                0x0000000000007ce8       0x10 modules/hal_nordic/nrfx/libmodules__hal_nordic__nrfx.a(nrfx_dppi.c.obj)
                0x0000000000007ce8                nrfx_dppi_channel_alloc
 .text.nrfx_dppi_channel_free
                0x0000000000007cf8       0x1c modules/hal_nordic/nrfx/libmodules__hal_nordic__nrfx.a(nrfx_dppi.c.obj)
                0x0000000000007cf8                nrfx_dppi_channel_free
 .text.nrf_gpio_pin_port_decode
                0x0000000000007d14       0x24 modules/hal_nordic/nrfx/libmodules__hal_nordic__nrfx.a(nrfx_gpiote.c.obj)
 .text.get_pin_idx
                0x0000000000007d38       0x14 modules/hal_nordic/nrfx/libmodules__hal_nordic__nrfx.a(nrfx_gpiote.c.obj)
 .text.call_handler.constprop.0
                0x0000000000007d4c       0x40 modules/hal_nordic/nrfx/libmodules__hal_nordic__nrfx.a(nrfx_gpiote.c.obj)
 .text.pin_te_get.constprop.0
                0x0000000000007d8c       0x18 modules/hal_nordic/nrfx/libmodules__hal_nordic__nrfx.a(nrfx_gpiote.c.obj)
 .text.pin_is_output.constprop.0
                0x0000000000007da4       0x18 modules/hal_nordic/nrfx/libmodules__hal_nordic__nrfx.a(nrfx_gpiote.c.obj)
 .text.pin_in_use_by_te.constprop.0
                0x0000000000007dbc       0x18 modules/hal_nordic/nrfx/libmodules__hal_nordic__nrfx.a(nrfx_gpiote.c.obj)
 .text.latch_pending_read_and_check
                0x0000000000007dd4       0x3c modules/hal_nordic/nrfx/libmodules__hal_nordic__nrfx.a(nrfx_gpiote.c.obj)
 .text.release_handler.isra.0
                0x0000000000007e10       0x58 modules/hal_nordic/nrfx/libmodules__hal_nordic__nrfx.a(nrfx_gpiote.c.obj)
 .text.__nrfy_internal_gpiote_events_process.constprop.0
                0x0000000000007e68       0x5c modules/hal_nordic/nrfx/libmodules__hal_nordic__nrfx.a(nrfx_gpiote.c.obj)
 .text.pin_uninit
                0x0000000000007ec4       0x84 modules/hal_nordic/nrfx/libmodules__hal_nordic__nrfx.a(nrfx_gpiote.c.obj)
 .text.nrfx_gpiote_input_configure
                0x0000000000007f48      0x178 modules/hal_nordic/nrfx/libmodules__hal_nordic__nrfx.a(nrfx_gpiote.c.obj)
                0x0000000000007f48                nrfx_gpiote_input_configure
 .text.nrfx_gpiote_output_configure
                0x00000000000080c0      0x104 modules/hal_nordic/nrfx/libmodules__hal_nordic__nrfx.a(nrfx_gpiote.c.obj)
                0x00000000000080c0                nrfx_gpiote_output_configure
 .text.nrfx_gpiote_global_callback_set
                0x00000000000081c4        0xc modules/hal_nordic/nrfx/libmodules__hal_nordic__nrfx.a(nrfx_gpiote.c.obj)
                0x00000000000081c4                nrfx_gpiote_global_callback_set
 .text.nrfx_gpiote_channel_get
                0x00000000000081d0       0x34 modules/hal_nordic/nrfx/libmodules__hal_nordic__nrfx.a(nrfx_gpiote.c.obj)
                0x00000000000081d0                nrfx_gpiote_channel_get
 .text.nrfx_gpiote_init
                0x0000000000008204       0x64 modules/hal_nordic/nrfx/libmodules__hal_nordic__nrfx.a(nrfx_gpiote.c.obj)
                0x0000000000008204                nrfx_gpiote_init
 .text.nrfx_gpiote_init_check
                0x0000000000008268       0x14 modules/hal_nordic/nrfx/libmodules__hal_nordic__nrfx.a(nrfx_gpiote.c.obj)
                0x0000000000008268                nrfx_gpiote_init_check
 .text.nrfx_gpiote_channel_free
                0x000000000000827c        0xc modules/hal_nordic/nrfx/libmodules__hal_nordic__nrfx.a(nrfx_gpiote.c.obj)
                0x000000000000827c                nrfx_gpiote_channel_free
 .text.nrfx_gpiote_channel_alloc
                0x0000000000008288        0xc modules/hal_nordic/nrfx/libmodules__hal_nordic__nrfx.a(nrfx_gpiote.c.obj)
                0x0000000000008288                nrfx_gpiote_channel_alloc
 .text.nrfx_gpiote_trigger_enable
                0x0000000000008294       0xac modules/hal_nordic/nrfx/libmodules__hal_nordic__nrfx.a(nrfx_gpiote.c.obj)
                0x0000000000008294                nrfx_gpiote_trigger_enable
 .text.nrfx_gpiote_0_irq_handler
                0x0000000000008340      0x1b8 modules/hal_nordic/nrfx/libmodules__hal_nordic__nrfx.a(nrfx_gpiote.c.obj)
                0x0000000000008340                nrfx_gpiote_0_irq_handler
 .text.nrf_gpio_cfg.constprop.0
                0x00000000000084f8       0x44 modules/hal_nordic/nrfx/libmodules__hal_nordic__nrfx.a(nrfx_i2s.c.obj)
 .text.nrfx_i2s_init
                0x000000000000853c      0x1a4 modules/hal_nordic/nrfx/libmodules__hal_nordic__nrfx.a(nrfx_i2s.c.obj)
                0x000000000000853c                nrfx_i2s_init
 .text.nrfx_i2s_start
                0x00000000000086e0       0xe8 modules/hal_nordic/nrfx/libmodules__hal_nordic__nrfx.a(nrfx_i2s.c.obj)
                0x00000000000086e0                nrfx_i2s_start
 .text.nrfx_i2s_next_buffers_set
                0x00000000000087c8       0x84 modules/hal_nordic/nrfx/libmodules__hal_nordic__nrfx.a(nrfx_i2s.c.obj)
                0x00000000000087c8                nrfx_i2s_next_buffers_set
 .text.nrfx_i2s_stop
                0x000000000000884c       0x24 modules/hal_nordic/nrfx/libmodules__hal_nordic__nrfx.a(nrfx_i2s.c.obj)
                0x000000000000884c                nrfx_i2s_stop
 .text.nrfx_i2s_uninit
                0x0000000000008870       0x7c modules/hal_nordic/nrfx/libmodules__hal_nordic__nrfx.a(nrfx_i2s.c.obj)
                0x0000000000008870                nrfx_i2s_uninit
 .text.nrfx_i2s_0_irq_handler
                0x00000000000088ec      0x120 modules/hal_nordic/nrfx/libmodules__hal_nordic__nrfx.a(nrfx_i2s.c.obj)
                0x00000000000088ec                nrfx_i2s_0_irq_handler
 .text.nrfx_ipc_init
                0x0000000000008a0c       0x30 modules/hal_nordic/nrfx/libmodules__hal_nordic__nrfx.a(nrfx_ipc.c.obj)
                0x0000000000008a0c                nrfx_ipc_init
 .text.nrfx_ipc_config_load
                0x0000000000008a3c       0x40 modules/hal_nordic/nrfx/libmodules__hal_nordic__nrfx.a(nrfx_ipc.c.obj)
                0x0000000000008a3c                nrfx_ipc_config_load
 .text.nrfx_ipc_receive_event_enable
                0x0000000000008a7c       0x10 modules/hal_nordic/nrfx/libmodules__hal_nordic__nrfx.a(nrfx_ipc.c.obj)
                0x0000000000008a7c                nrfx_ipc_receive_event_enable
 .text.nrfx_ipc_receive_event_disable
                0x0000000000008a8c       0x10 modules/hal_nordic/nrfx/libmodules__hal_nordic__nrfx.a(nrfx_ipc.c.obj)
                0x0000000000008a8c                nrfx_ipc_receive_event_disable
 .text.nrfx_ipc_irq_handler
                0x0000000000008a9c       0x40 modules/hal_nordic/nrfx/libmodules__hal_nordic__nrfx.a(nrfx_ipc.c.obj)
                0x0000000000008a9c                nrfx_ipc_irq_handler
 .text.nvmc_readonly_mode_set
                0x0000000000008adc       0x14 modules/hal_nordic/nrfx/libmodules__hal_nordic__nrfx.a(nrfx_nvmc.c.obj)
 .text.nvmc_word_write
                0x0000000000008af0       0x18 modules/hal_nordic/nrfx/libmodules__hal_nordic__nrfx.a(nrfx_nvmc.c.obj)
 .text.nrfx_nvmc_page_erase
                0x0000000000008b08       0x3c modules/hal_nordic/nrfx/libmodules__hal_nordic__nrfx.a(nrfx_nvmc.c.obj)
                0x0000000000008b08                nrfx_nvmc_page_erase
 .text.nrfx_nvmc_word_write
                0x0000000000008b44       0x20 modules/hal_nordic/nrfx/libmodules__hal_nordic__nrfx.a(nrfx_nvmc.c.obj)
                0x0000000000008b44                nrfx_nvmc_word_write
 .text.qspi_deactivate
                0x0000000000008b64       0x24 modules/hal_nordic/nrfx/libmodules__hal_nordic__nrfx.a(nrfx_qspi.c.obj)
 .text.qspi_ready_wait
                0x0000000000008b88       0x54 modules/hal_nordic/nrfx/libmodules__hal_nordic__nrfx.a(nrfx_qspi.c.obj)
 .text.qspi_activate
                0x0000000000008bdc       0x34 modules/hal_nordic/nrfx/libmodules__hal_nordic__nrfx.a(nrfx_qspi.c.obj)
 .text.qspi_xfer
                0x0000000000008c10      0x104 modules/hal_nordic/nrfx/libmodules__hal_nordic__nrfx.a(nrfx_qspi.c.obj)
 .text.qspi_event_xfer_handle.constprop.0
                0x0000000000008d14       0x28 modules/hal_nordic/nrfx/libmodules__hal_nordic__nrfx.a(nrfx_qspi.c.obj)
 .text.nrf_gpio_cfg.constprop.0
                0x0000000000008d3c       0x44 modules/hal_nordic/nrfx/libmodules__hal_nordic__nrfx.a(nrfx_qspi.c.obj)
 .text.nrf_qspi_cinstrdata_get.constprop.0
                0x0000000000008d80       0x40 modules/hal_nordic/nrfx/libmodules__hal_nordic__nrfx.a(nrfx_qspi.c.obj)
 .text.nrf_qspi_cinstrdata_set.constprop.0
                0x0000000000008dc0       0x64 modules/hal_nordic/nrfx/libmodules__hal_nordic__nrfx.a(nrfx_qspi.c.obj)
 .text.nrf_qspi_pins_set.constprop.0
                0x0000000000008e24       0x5c modules/hal_nordic/nrfx/libmodules__hal_nordic__nrfx.a(nrfx_qspi.c.obj)
 .text.qspi_workaround_215_43_apply
                0x0000000000008e80       0x70 modules/hal_nordic/nrfx/libmodules__hal_nordic__nrfx.a(nrfx_qspi.c.obj)
 .text.qspi_configure
                0x0000000000008ef0      0x138 modules/hal_nordic/nrfx/libmodules__hal_nordic__nrfx.a(nrfx_qspi.c.obj)
 .text.nrfx_qspi_init
                0x0000000000009028       0x40 modules/hal_nordic/nrfx/libmodules__hal_nordic__nrfx.a(nrfx_qspi.c.obj)
                0x0000000000009028                nrfx_qspi_init
 .text.nrfx_qspi_cinstr_xfer
                0x0000000000009068       0xbc modules/hal_nordic/nrfx/libmodules__hal_nordic__nrfx.a(nrfx_qspi.c.obj)
                0x0000000000009068                nrfx_qspi_cinstr_xfer
 .text.nrfx_qspi_activate
                0x0000000000009124       0x18 modules/hal_nordic/nrfx/libmodules__hal_nordic__nrfx.a(nrfx_qspi.c.obj)
                0x0000000000009124                nrfx_qspi_activate
 .text.nrfx_qspi_deactivate
                0x000000000000913c       0x24 modules/hal_nordic/nrfx/libmodules__hal_nordic__nrfx.a(nrfx_qspi.c.obj)
                0x000000000000913c                nrfx_qspi_deactivate
 .text.nrfx_qspi_init_check
                0x0000000000009160       0x14 modules/hal_nordic/nrfx/libmodules__hal_nordic__nrfx.a(nrfx_qspi.c.obj)
                0x0000000000009160                nrfx_qspi_init_check
 .text.nrfx_qspi_erase
                0x0000000000009174       0xac modules/hal_nordic/nrfx/libmodules__hal_nordic__nrfx.a(nrfx_qspi.c.obj)
                0x0000000000009174                nrfx_qspi_erase
 .text.nrfx_qspi_irq_handler
                0x0000000000009220       0x94 modules/hal_nordic/nrfx/libmodules__hal_nordic__nrfx.a(nrfx_qspi.c.obj)
                0x0000000000009220                nrfx_qspi_irq_handler
 .text._DoInit  0x00000000000092b4       0x60 modules/segger/libmodules__segger.a(SEGGER_RTT.c.obj)
 .text.SEGGER_RTT_WriteSkipNoLock
                0x0000000000009314       0x88 modules/segger/libmodules__segger.a(SEGGER_RTT.c.obj)
                0x0000000000009314                SEGGER_RTT_WriteSkipNoLock
 .text.SEGGER_RTT_WriteNoLock
                0x000000000000939c       0x58 modules/segger/libmodules__segger.a(SEGGER_RTT.c.obj)
                0x000000000000939c                SEGGER_RTT_WriteNoLock
 .text.SEGGER_RTT_Write
                0x00000000000093f4       0x30 modules/segger/libmodules__segger.a(SEGGER_RTT.c.obj)
                0x00000000000093f4                SEGGER_RTT_Write
 .text.SEGGER_RTT_HasDataUp
                0x0000000000009424       0x14 modules/segger/libmodules__segger.a(SEGGER_RTT.c.obj)
                0x0000000000009424                SEGGER_RTT_HasDataUp
 .text.zephyr_rtt_mutex_lock
                0x0000000000009438       0x14 modules/segger/libmodules__segger.a(SEGGER_RTT_zephyr.c.obj)
                0x0000000000009438                zephyr_rtt_mutex_lock
 .text.zephyr_rtt_mutex_unlock
                0x000000000000944c        0xc modules/segger/libmodules__segger.a(SEGGER_RTT_zephyr.c.obj)
                0x000000000000944c                zephyr_rtt_mutex_unlock
 .text.k_sys_fatal_error_handler
                0x0000000000009458       0x20 zephyr/kernel/libkernel.a(fatal.c.obj)
                0x0000000000009458                k_sys_fatal_error_handler
 .text.z_fatal_error
                0x0000000000009478       0xe8 zephyr/kernel/libkernel.a(fatal.c.obj)
                0x0000000000009478                z_fatal_error
 .text.z_sys_init_run_level
                0x0000000000009560       0x2c zephyr/kernel/libkernel.a(init.c.obj)
 .text.bg_thread_main
                0x000000000000958c       0xc4 zephyr/kernel/libkernel.a(init.c.obj)
 .text.z_bss_zero
                0x0000000000009650       0x18 zephyr/kernel/libkernel.a(init.c.obj)
                0x0000000000009650                z_bss_zero
 .text.z_init_cpu
                0x0000000000009668       0x68 zephyr/kernel/libkernel.a(init.c.obj)
                0x0000000000009668                z_init_cpu
 .text.z_cstart
                0x00000000000096d0       0xe0 zephyr/kernel/libkernel.a(init.c.obj)
                0x00000000000096d0                z_cstart
 .text.init_mem_slab_obj_core_list
                0x00000000000097b0       0x24 zephyr/kernel/libkernel.a(mem_slab.c.obj)
 .text.k_mem_slab_alloc
                0x00000000000097d4       0x5c zephyr/kernel/libkernel.a(mem_slab.c.obj)
                0x00000000000097d4                k_mem_slab_alloc
 .text.z_impl_k_msgq_put
                0x0000000000009830       0xa0 zephyr/kernel/libkernel.a(msg_q.c.obj)
                0x0000000000009830                z_impl_k_msgq_put
 .text.z_impl_k_msgq_get
                0x00000000000098d0       0xb0 zephyr/kernel/libkernel.a(msg_q.c.obj)
                0x00000000000098d0                z_impl_k_msgq_get
 .text.z_impl_k_mutex_lock
                0x0000000000009980       0xf0 zephyr/kernel/libkernel.a(mutex.c.obj)
                0x0000000000009980                z_impl_k_mutex_lock
 .text.z_impl_k_mutex_unlock
                0x0000000000009a70       0x78 zephyr/kernel/libkernel.a(mutex.c.obj)
                0x0000000000009a70                z_impl_k_mutex_unlock
 .text.z_impl_k_sem_give
                0x0000000000009ae8       0x48 zephyr/kernel/libkernel.a(sem.c.obj)
                0x0000000000009ae8                z_impl_k_sem_give
 .text.z_impl_k_sem_take
                0x0000000000009b30       0x4c zephyr/kernel/libkernel.a(sem.c.obj)
                0x0000000000009b30                z_impl_k_sem_take
 .text.z_setup_new_thread
                0x0000000000009b7c       0x60 zephyr/kernel/libkernel.a(thread.c.obj)
                0x0000000000009b7c                z_setup_new_thread
 .text.z_impl_k_thread_create
                0x0000000000009bdc       0x58 zephyr/kernel/libkernel.a(thread.c.obj)
                0x0000000000009bdc                z_impl_k_thread_create
 .text.update_cache
                0x0000000000009c34       0x3c zephyr/kernel/libkernel.a(sched.c.obj)
 .text.unready_thread
                0x0000000000009c70       0x30 zephyr/kernel/libkernel.a(sched.c.obj)
 .text.ready_thread
                0x0000000000009ca0       0x68 zephyr/kernel/libkernel.a(sched.c.obj)
 .text.z_thread_halt
                0x0000000000009d08       0xdc zephyr/kernel/libkernel.a(sched.c.obj)
 .text.move_thread_to_end_of_prio_q
                0x0000000000009de4       0x74 zephyr/kernel/libkernel.a(sched.c.obj)
                0x0000000000009de4                move_thread_to_end_of_prio_q
 .text.z_pend_curr
                0x0000000000009e58       0x58 zephyr/kernel/libkernel.a(sched.c.obj)
                0x0000000000009e58                z_pend_curr
 .text.z_thread_prio_set
                0x0000000000009eb0       0x88 zephyr/kernel/libkernel.a(sched.c.obj)
                0x0000000000009eb0                z_thread_prio_set
 .text.z_reschedule
                0x0000000000009f38       0x24 zephyr/kernel/libkernel.a(sched.c.obj)
                0x0000000000009f38                z_reschedule
 .text.z_sched_start
                0x0000000000009f5c       0x3c zephyr/kernel/libkernel.a(sched.c.obj)
                0x0000000000009f5c                z_sched_start
 .text.z_reschedule_irqlock
                0x0000000000009f98       0x28 zephyr/kernel/libkernel.a(sched.c.obj)
                0x0000000000009f98                z_reschedule_irqlock
 .text.k_sched_lock
                0x0000000000009fc0       0x28 zephyr/kernel/libkernel.a(sched.c.obj)
                0x0000000000009fc0                k_sched_lock
 .text.k_sched_unlock
                0x0000000000009fe8       0x40 zephyr/kernel/libkernel.a(sched.c.obj)
                0x0000000000009fe8                k_sched_unlock
 .text.z_sched_init
                0x000000000000a028       0x10 zephyr/kernel/libkernel.a(sched.c.obj)
                0x000000000000a028                z_sched_init
 .text.z_impl_k_yield
                0x000000000000a038       0x7c zephyr/kernel/libkernel.a(sched.c.obj)
                0x000000000000a038                z_impl_k_yield
 .text.z_tick_sleep
                0x000000000000a0b4       0x88 zephyr/kernel/libkernel.a(sched.c.obj)
 .text.z_impl_k_sleep
                0x000000000000a13c       0x3c zephyr/kernel/libkernel.a(sched.c.obj)
                0x000000000000a13c                z_impl_k_sleep
 .text.z_impl_k_sched_current_thread_query
                0x000000000000a178        0xc zephyr/kernel/libkernel.a(sched.c.obj)
                0x000000000000a178                z_impl_k_sched_current_thread_query
 .text.slice_timeout
                0x000000000000a184       0x20 zephyr/kernel/libkernel.a(timeslicing.c.obj)
 .text.thread_is_sliceable
                0x000000000000a1a4       0x3c zephyr/kernel/libkernel.a(timeslicing.c.obj)
                0x000000000000a1a4                thread_is_sliceable
 .text.z_reset_time_slice
                0x000000000000a1e0       0x50 zephyr/kernel/libkernel.a(timeslicing.c.obj)
                0x000000000000a1e0                z_reset_time_slice
 .text.z_time_slice
                0x000000000000a230       0x60 zephyr/kernel/libkernel.a(timeslicing.c.obj)
                0x000000000000a230                z_time_slice
 .text.z_data_copy
                0x000000000000a290       0x34 zephyr/kernel/libkernel.a(xip.c.obj)
                0x000000000000a290                z_data_copy
 .text.elapsed  0x000000000000a2c4       0x14 zephyr/kernel/libkernel.a(timeout.c.obj)
 .text.remove_timeout
                0x000000000000a2d8       0x38 zephyr/kernel/libkernel.a(timeout.c.obj)
 .text.next_timeout
                0x000000000000a310       0x40 zephyr/kernel/libkernel.a(timeout.c.obj)
 .text.z_add_timeout
                0x000000000000a350       0xf4 zephyr/kernel/libkernel.a(timeout.c.obj)
                0x000000000000a350                z_add_timeout
 .text.sys_clock_announce
                0x000000000000a444       0xd0 zephyr/kernel/libkernel.a(timeout.c.obj)
                0x000000000000a444                sys_clock_announce
 .text.sys_clock_tick_get
                0x000000000000a514       0x30 zephyr/kernel/libkernel.a(timeout.c.obj)
                0x000000000000a514                sys_clock_tick_get
 .text.z_timer_expiration_handler
                0x000000000000a544       0xe0 zephyr/kernel/libkernel.a(timer.c.obj)
                0x000000000000a544                z_timer_expiration_handler
 .text.z_impl_k_timer_start
                0x000000000000a624       0x74 zephyr/kernel/libkernel.a(timer.c.obj)
                0x000000000000a624                z_impl_k_timer_start
 .text.statics_init
                0x000000000000a698       0x24 zephyr/kernel/libkernel.a(kheap.c.obj)
 .text.nrf_cc3xx_platform_init_no_rng
                0x000000000000a6bc       0x38 /opt/nordic/ncs/v2.9.0/nrfxlib/crypto/nrf_cc312_platform/lib/cortex-m33/soft-float/no-interrupts/libnrf_cc312_platform_0.9.19.a(nrf_cc3xx_platform.c.obj)
                0x000000000000a6bc                nrf_cc3xx_platform_init_no_rng
 .text.nrf_cc3xx_platform_abort
                0x000000000000a6f4       0x24 /opt/nordic/ncs/v2.9.0/nrfxlib/crypto/nrf_cc312_platform/lib/cortex-m33/soft-float/no-interrupts/libnrf_cc312_platform_0.9.19.a(nrf_cc3xx_platform_abort.c.obj)
 .text.CC_PalAbort
                0x000000000000a718       0x44 /opt/nordic/ncs/v2.9.0/nrfxlib/crypto/nrf_cc312_platform/lib/cortex-m33/soft-float/no-interrupts/libnrf_cc312_platform_0.9.19.a(nrf_cc3xx_platform_abort.c.obj)
                0x000000000000a718                CC_PalAbort
 .text.nrf_cc3xx_platform_set_abort
                0x000000000000a75c       0x10 /opt/nordic/ncs/v2.9.0/nrfxlib/crypto/nrf_cc312_platform/lib/cortex-m33/soft-float/no-interrupts/libnrf_cc312_platform_0.9.19.a(nrf_cc3xx_platform_abort.c.obj)
                0x000000000000a75c                nrf_cc3xx_platform_set_abort
 .text.mutex_free
                0x000000000000a76c       0x34 /opt/nordic/ncs/v2.9.0/nrfxlib/crypto/nrf_cc312_platform/lib/cortex-m33/soft-float/no-interrupts/libnrf_cc312_platform_0.9.19.a(nrf_cc3xx_platform_mutex.c.obj)
 .text.mutex_lock
                0x000000000000a7a0       0x48 /opt/nordic/ncs/v2.9.0/nrfxlib/crypto/nrf_cc312_platform/lib/cortex-m33/soft-float/no-interrupts/libnrf_cc312_platform_0.9.19.a(nrf_cc3xx_platform_mutex.c.obj)
 .text.mutex_unlock
                0x000000000000a7e8       0x38 /opt/nordic/ncs/v2.9.0/nrfxlib/crypto/nrf_cc312_platform/lib/cortex-m33/soft-float/no-interrupts/libnrf_cc312_platform_0.9.19.a(nrf_cc3xx_platform_mutex.c.obj)
 .text.mutex_init
                0x000000000000a820       0x20 /opt/nordic/ncs/v2.9.0/nrfxlib/crypto/nrf_cc312_platform/lib/cortex-m33/soft-float/no-interrupts/libnrf_cc312_platform_0.9.19.a(nrf_cc3xx_platform_mutex.c.obj)
 .text.nrf_cc3xx_platform_set_mutexes
                0x000000000000a840       0x78 /opt/nordic/ncs/v2.9.0/nrfxlib/crypto/nrf_cc312_platform/lib/cortex-m33/soft-float/no-interrupts/libnrf_cc312_platform_0.9.19.a(nrf_cc3xx_platform_mutex.c.obj)
                0x000000000000a840                nrf_cc3xx_platform_set_mutexes
 .text.CC_LibInitNoRng
                0x000000000000a8b8       0x28 /opt/nordic/ncs/v2.9.0/nrfxlib/crypto/nrf_cc312_platform/lib/cortex-m33/soft-float/no-interrupts/libnrf_cc312_platform_0.9.19.a(cc_lib.c.obj)
                0x000000000000a8b8                CC_LibInitNoRng
 .text.CC_HalInit
                0x000000000000a8e0        0x4 /opt/nordic/ncs/v2.9.0/nrfxlib/crypto/nrf_cc312_platform/lib/cortex-m33/soft-float/no-interrupts/libnrf_cc312_platform_0.9.19.a(cc_hal.c.obj)
                0x000000000000a8e0                CC_HalInit
 .text.CC_PalInit
                0x000000000000a8e4       0x5c /opt/nordic/ncs/v2.9.0/nrfxlib/crypto/nrf_cc312_platform/lib/cortex-m33/soft-float/no-interrupts/libnrf_cc312_platform_0.9.19.a(cc_pal.c.obj)
                0x000000000000a8e4                CC_PalInit
 .text.CC_PalTerminate
                0x000000000000a940       0x34 /opt/nordic/ncs/v2.9.0/nrfxlib/crypto/nrf_cc312_platform/lib/cortex-m33/soft-float/no-interrupts/libnrf_cc312_platform_0.9.19.a(cc_pal.c.obj)
                0x000000000000a940                CC_PalTerminate
 .text.CC_PalDmaInit
                0x000000000000a974        0x4 /opt/nordic/ncs/v2.9.0/nrfxlib/crypto/nrf_cc312_platform/lib/cortex-m33/soft-float/no-interrupts/libnrf_cc312_platform_0.9.19.a(cc_pal_dma.c.obj)
                0x000000000000a974                CC_PalDmaInit
 .text.CC_PalDmaTerminate
                0x000000000000a978        0x4 /opt/nordic/ncs/v2.9.0/nrfxlib/crypto/nrf_cc312_platform/lib/cortex-m33/soft-float/no-interrupts/libnrf_cc312_platform_0.9.19.a(cc_pal_dma.c.obj)
                0x000000000000a978                CC_PalDmaTerminate
 .text.CC_PalMutexCreate
                0x000000000000a97c       0x14 /opt/nordic/ncs/v2.9.0/nrfxlib/crypto/nrf_cc312_platform/lib/cortex-m33/soft-float/no-interrupts/libnrf_cc312_platform_0.9.19.a(cc_pal_mutex.c.obj)
                0x000000000000a97c                CC_PalMutexCreate
 .text.CC_PalMutexDestroy
                0x000000000000a990       0x14 /opt/nordic/ncs/v2.9.0/nrfxlib/crypto/nrf_cc312_platform/lib/cortex-m33/soft-float/no-interrupts/libnrf_cc312_platform_0.9.19.a(cc_pal_mutex.c.obj)
                0x000000000000a990                CC_PalMutexDestroy
 .text.CC_PalPowerSaveModeInit
                0x000000000000a9a4       0x3c /opt/nordic/ncs/v2.9.0/nrfxlib/crypto/nrf_cc312_platform/lib/cortex-m33/soft-float/no-interrupts/libnrf_cc312_platform_0.9.19.a(cc_pal_pm.c.obj)
                0x000000000000a9a4                CC_PalPowerSaveModeInit
 .text.malloc   0x000000000000a9e0       0x10 /opt/nordic/ncs/toolchains/b8efef2ad5/opt/zephyr-sdk/arm-zephyr-eabi/arm-zephyr-eabi/lib/thumb/v8-m.main/nofp/libc_nano.a(lib_a-malloc.o)
                0x000000000000a9e0                malloc
 .text._free_r  0x000000000000a9f0       0x94 /opt/nordic/ncs/toolchains/b8efef2ad5/opt/zephyr-sdk/arm-zephyr-eabi/arm-zephyr-eabi/lib/thumb/v8-m.main/nofp/libc_nano.a(lib_a-nano-freer.o)
                0x000000000000a9f0                _free_r
 .text._malloc_r
                0x000000000000aa84       0xb4 /opt/nordic/ncs/toolchains/b8efef2ad5/opt/zephyr-sdk/arm-zephyr-eabi/arm-zephyr-eabi/lib/thumb/v8-m.main/nofp/libc_nano.a(lib_a-nano-mallocr.o)
                0x000000000000aa84                _malloc_r
 .text._printf_float
                0x000000000000ab38      0x46c /opt/nordic/ncs/toolchains/b8efef2ad5/opt/zephyr-sdk/arm-zephyr-eabi/arm-zephyr-eabi/lib/thumb/v8-m.main/nofp/libc_nano.a(lib_a-nano-vfprintf_float.o)
                0x000000000000ab38                _printf_float
 .text._printf_i
                0x000000000000afa4      0x25c /opt/nordic/ncs/toolchains/b8efef2ad5/opt/zephyr-sdk/arm-zephyr-eabi/arm-zephyr-eabi/lib/thumb/v8-m.main/nofp/libc_nano.a(lib_a-nano-vfprintf_i.o)
                0x000000000000afa4                _printf_i
 .text._sbrk_r  0x000000000000b200       0x20 /opt/nordic/ncs/toolchains/b8efef2ad5/opt/zephyr-sdk/arm-zephyr-eabi/arm-zephyr-eabi/lib/thumb/v8-m.main/nofp/libc_nano.a(lib_a-sbrkr.o)
                0x000000000000b200                _sbrk_r
 .text._localeconv_r
                0x000000000000b220        0x8 /opt/nordic/ncs/toolchains/b8efef2ad5/opt/zephyr-sdk/arm-zephyr-eabi/arm-zephyr-eabi/lib/thumb/v8-m.main/nofp/libc_nano.a(lib_a-localeconv.o)
                0x000000000000b220                _localeconv_r
 .text.__malloc_lock
                0x000000000000b228        0xc /opt/nordic/ncs/toolchains/b8efef2ad5/opt/zephyr-sdk/arm-zephyr-eabi/arm-zephyr-eabi/lib/thumb/v8-m.main/nofp/libc_nano.a(lib_a-mlock.o)
                0x000000000000b228                __malloc_lock
 .text.__malloc_unlock
                0x000000000000b234        0xc /opt/nordic/ncs/toolchains/b8efef2ad5/opt/zephyr-sdk/arm-zephyr-eabi/arm-zephyr-eabi/lib/thumb/v8-m.main/nofp/libc_nano.a(lib_a-mlock.o)
                0x000000000000b234                __malloc_unlock
 .text._Balloc  0x000000000000b240       0x80 /opt/nordic/ncs/toolchains/b8efef2ad5/opt/zephyr-sdk/arm-zephyr-eabi/arm-zephyr-eabi/lib/thumb/v8-m.main/nofp/libc_nano.a(lib_a-mprec.o)
                0x000000000000b240                _Balloc
 .text._Bfree   0x000000000000b2c0       0x44 /opt/nordic/ncs/toolchains/b8efef2ad5/opt/zephyr-sdk/arm-zephyr-eabi/arm-zephyr-eabi/lib/thumb/v8-m.main/nofp/libc_nano.a(lib_a-mprec.o)
                0x000000000000b2c0                _Bfree
 .text.__multadd
                0x000000000000b304       0x90 /opt/nordic/ncs/toolchains/b8efef2ad5/opt/zephyr-sdk/arm-zephyr-eabi/arm-zephyr-eabi/lib/thumb/v8-m.main/nofp/libc_nano.a(lib_a-mprec.o)
                0x000000000000b304                __multadd
 .text.__i2b    0x000000000000b394       0x2c /opt/nordic/ncs/toolchains/b8efef2ad5/opt/zephyr-sdk/arm-zephyr-eabi/arm-zephyr-eabi/lib/thumb/v8-m.main/nofp/libc_nano.a(lib_a-mprec.o)
                0x000000000000b394                __i2b
 .text.__multiply
                0x000000000000b3c0      0x154 /opt/nordic/ncs/toolchains/b8efef2ad5/opt/zephyr-sdk/arm-zephyr-eabi/arm-zephyr-eabi/lib/thumb/v8-m.main/nofp/libc_nano.a(lib_a-mprec.o)
                0x000000000000b3c0                __multiply
 .text.__pow5mult
                0x000000000000b514       0xb4 /opt/nordic/ncs/toolchains/b8efef2ad5/opt/zephyr-sdk/arm-zephyr-eabi/arm-zephyr-eabi/lib/thumb/v8-m.main/nofp/libc_nano.a(lib_a-mprec.o)
                0x000000000000b514                __pow5mult
 .text.__lshift
                0x000000000000b5c8       0xd8 /opt/nordic/ncs/toolchains/b8efef2ad5/opt/zephyr-sdk/arm-zephyr-eabi/arm-zephyr-eabi/lib/thumb/v8-m.main/nofp/libc_nano.a(lib_a-mprec.o)
                0x000000000000b5c8                __lshift
 .text.__mdiff  0x000000000000b6a0      0x12c /opt/nordic/ncs/toolchains/b8efef2ad5/opt/zephyr-sdk/arm-zephyr-eabi/arm-zephyr-eabi/lib/thumb/v8-m.main/nofp/libc_nano.a(lib_a-mprec.o)
                0x000000000000b6a0                __mdiff
 .text.__d2b    0x000000000000b7cc       0xb0 /opt/nordic/ncs/toolchains/b8efef2ad5/opt/zephyr-sdk/arm-zephyr-eabi/arm-zephyr-eabi/lib/thumb/v8-m.main/nofp/libc_nano.a(lib_a-mprec.o)
                0x000000000000b7cc                __d2b
 .text.__assert_func
                0x000000000000b87c       0x3c /opt/nordic/ncs/toolchains/b8efef2ad5/opt/zephyr-sdk/arm-zephyr-eabi/arm-zephyr-eabi/lib/thumb/v8-m.main/nofp/libc_nano.a(lib_a-assert.o)
                0x000000000000b87c                __assert_func
 .text.fprintf  0x000000000000b8b8       0x24 /opt/nordic/ncs/toolchains/b8efef2ad5/opt/zephyr-sdk/arm-zephyr-eabi/arm-zephyr-eabi/lib/thumb/v8-m.main/nofp/libc_nano.a(lib_a-fprintf.o)
                0x000000000000b8b8                fprintf
                0x000000000000b8b8                fiprintf
 .text._vfprintf_r
                0x000000000000b8dc      0x258 /opt/nordic/ncs/toolchains/b8efef2ad5/opt/zephyr-sdk/arm-zephyr-eabi/arm-zephyr-eabi/lib/thumb/v8-m.main/nofp/libc_nano.a(lib_a-nano-vfprintf.o)
                0x000000000000b8dc                _vfiprintf_r
                0x000000000000b8dc                _vfprintf_r
 .text.__swbuf_r
                0x000000000000bb34       0xa4 /opt/nordic/ncs/toolchains/b8efef2ad5/opt/zephyr-sdk/arm-zephyr-eabi/arm-zephyr-eabi/lib/thumb/v8-m.main/nofp/libc_nano.a(lib_a-wbuf.o)
                0x000000000000bb34                __swbuf_r
 .text.__swsetup_r
                0x000000000000bbd8       0xd8 /opt/nordic/ncs/toolchains/b8efef2ad5/opt/zephyr-sdk/arm-zephyr-eabi/arm-zephyr-eabi/lib/thumb/v8-m.main/nofp/libc_nano.a(lib_a-wsetup.o)
                0x000000000000bbd8                __swsetup_r
 .text._fflush_r
                0x000000000000bcb0       0x78 /opt/nordic/ncs/toolchains/b8efef2ad5/opt/zephyr-sdk/arm-zephyr-eabi/arm-zephyr-eabi/lib/thumb/v8-m.main/nofp/libc_nano.a(lib_a-fflush.o)
                0x000000000000bcb0                _fflush_r
 .text.std      0x000000000000bd28       0x48 /opt/nordic/ncs/toolchains/b8efef2ad5/opt/zephyr-sdk/arm-zephyr-eabi/arm-zephyr-eabi/lib/thumb/v8-m.main/nofp/libc_nano.a(lib_a-findfp.o)
 .text._cleanup_r
                0x000000000000bd70        0xc /opt/nordic/ncs/toolchains/b8efef2ad5/opt/zephyr-sdk/arm-zephyr-eabi/arm-zephyr-eabi/lib/thumb/v8-m.main/nofp/libc_nano.a(lib_a-findfp.o)
                0x000000000000bd70                _cleanup_r
 .text.__sfp_lock_acquire
                0x000000000000bd7c        0xc /opt/nordic/ncs/toolchains/b8efef2ad5/opt/zephyr-sdk/arm-zephyr-eabi/arm-zephyr-eabi/lib/thumb/v8-m.main/nofp/libc_nano.a(lib_a-findfp.o)
                0x000000000000bd7c                __sfp_lock_acquire
 .text.__sfp_lock_release
                0x000000000000bd88        0xc /opt/nordic/ncs/toolchains/b8efef2ad5/opt/zephyr-sdk/arm-zephyr-eabi/arm-zephyr-eabi/lib/thumb/v8-m.main/nofp/libc_nano.a(lib_a-findfp.o)
                0x000000000000bd88                __sfp_lock_release
 .text.__sinit_lock_acquire
                0x000000000000bd94        0xc /opt/nordic/ncs/toolchains/b8efef2ad5/opt/zephyr-sdk/arm-zephyr-eabi/arm-zephyr-eabi/lib/thumb/v8-m.main/nofp/libc_nano.a(lib_a-findfp.o)
                0x000000000000bd94                __sinit_lock_acquire
 .text.__sinit_lock_release
                0x000000000000bda0        0xc /opt/nordic/ncs/toolchains/b8efef2ad5/opt/zephyr-sdk/arm-zephyr-eabi/arm-zephyr-eabi/lib/thumb/v8-m.main/nofp/libc_nano.a(lib_a-findfp.o)
                0x000000000000bda0                __sinit_lock_release
 .text.__sinit  0x000000000000bdac       0x70 /opt/nordic/ncs/toolchains/b8efef2ad5/opt/zephyr-sdk/arm-zephyr-eabi/arm-zephyr-eabi/lib/thumb/v8-m.main/nofp/libc_nano.a(lib_a-findfp.o)
                0x000000000000bdac                __sinit
 .text.__sfp    0x000000000000be1c       0x8c /opt/nordic/ncs/toolchains/b8efef2ad5/opt/zephyr-sdk/arm-zephyr-eabi/arm-zephyr-eabi/lib/thumb/v8-m.main/nofp/libc_nano.a(lib_a-findfp.o)
                0x000000000000be1c                __sfp
 .text.__smakebuf_r
                0x000000000000bea8       0x80 /opt/nordic/ncs/toolchains/b8efef2ad5/opt/zephyr-sdk/arm-zephyr-eabi/arm-zephyr-eabi/lib/thumb/v8-m.main/nofp/libc_nano.a(lib_a-makebuf.o)
                0x000000000000bea8                __smakebuf_r
 .text._write_r
                0x000000000000bf28       0x24 /opt/nordic/ncs/toolchains/b8efef2ad5/opt/zephyr-sdk/arm-zephyr-eabi/arm-zephyr-eabi/lib/thumb/v8-m.main/nofp/libc_nano.a(lib_a-writer.o)
                0x000000000000bf28                _write_r
 .text._close_r
                0x000000000000bf4c       0x20 /opt/nordic/ncs/toolchains/b8efef2ad5/opt/zephyr-sdk/arm-zephyr-eabi/arm-zephyr-eabi/lib/thumb/v8-m.main/nofp/libc_nano.a(lib_a-closer.o)
                0x000000000000bf4c                _close_r
 .text._fstat_r
                0x000000000000bf6c       0x24 /opt/nordic/ncs/toolchains/b8efef2ad5/opt/zephyr-sdk/arm-zephyr-eabi/arm-zephyr-eabi/lib/thumb/v8-m.main/nofp/libc_nano.a(lib_a-fstatr.o)
                0x000000000000bf6c                _fstat_r
 .text._isatty_r
                0x000000000000bf90       0x20 /opt/nordic/ncs/toolchains/b8efef2ad5/opt/zephyr-sdk/arm-zephyr-eabi/arm-zephyr-eabi/lib/thumb/v8-m.main/nofp/libc_nano.a(lib_a-isattyr.o)
                0x000000000000bf90                _isatty_r
 .text._lseek_r
                0x000000000000bfb0       0x24 /opt/nordic/ncs/toolchains/b8efef2ad5/opt/zephyr-sdk/arm-zephyr-eabi/arm-zephyr-eabi/lib/thumb/v8-m.main/nofp/libc_nano.a(lib_a-lseekr.o)
                0x000000000000bfb0                _lseek_r
 .text._read_r  0x000000000000bfd4       0x24 /opt/nordic/ncs/toolchains/b8efef2ad5/opt/zephyr-sdk/arm-zephyr-eabi/arm-zephyr-eabi/lib/thumb/v8-m.main/nofp/libc_nano.a(lib_a-readr.o)
                0x000000000000bfd4                _read_r
 .text._OffsetAbsSyms
                0x000000000000bff8        0x2 zephyr/CMakeFiles/offsets.dir/./arch/arm/core/offsets/offsets.c.obj
                0x000000000000bff8                _OffsetAbsSyms
 .text.flash_read
                0x000000000000bffa        0xc app/libapp.a(main.c.obj)
 .text.flash_write
                0x000000000000c006        0xc app/libapp.a(main.c.obj)
 .text.z_log_msg_simple_create_2
                0x000000000000c012        0xc app/libapp.a(main.c.obj)
 .text.z_log_msg_simple_create_1
                0x000000000000c01e        0x4 app/libapp.a(main.c.obj)
 .text.z_log_msg_simple_create_0
                0x000000000000c022        0x4 app/libapp.a(main.c.obj)
 .text.i2s_trigger.constprop.0
                0x000000000000c026        0xa app/libapp.a(main.c.obj)
 .text.z_log_msg_static_create.constprop.0
                0x000000000000c030        0x6 app/libapp.a(main.c.obj)
 .text.flash_erase.constprop.0
                0x000000000000c036       0x12 app/libapp.a(main.c.obj)
 .text.chunk_field
                0x000000000000c048       0x16 zephyr/libzephyr.a(heap.c.obj)
 .text.chunk_set
                0x000000000000c05e       0x16 zephyr/libzephyr.a(heap.c.obj)
 .text.chunk_size
                0x000000000000c074        0xc zephyr/libzephyr.a(heap.c.obj)
 .text.set_chunk_used
                0x000000000000c080       0x30 zephyr/libzephyr.a(heap.c.obj)
 .text.set_chunk_size
                0x000000000000c0b0        0x8 zephyr/libzephyr.a(heap.c.obj)
 .text.bucket_idx.isra.0
                0x000000000000c0b8       0x1c zephyr/libzephyr.a(heap.c.obj)
 .text.free_list_add
                0x000000000000c0d4       0x84 zephyr/libzephyr.a(heap.c.obj)
 .text.sys_heap_init
                0x000000000000c158       0xb0 zephyr/libzephyr.a(heap.c.obj)
                0x000000000000c158                sys_heap_init
 .text.cbpprintf_external
                0x000000000000c208       0x62 zephyr/libzephyr.a(cbprintf_packaged.c.obj)
                0x000000000000c208                cbpprintf_external
 .text.is_ptr   0x000000000000c26a       0x4a zephyr/libzephyr.a(cbprintf_packaged.c.obj)
                0x000000000000c26a                is_ptr
 .text.arch_printk_char_out
                0x000000000000c2b4        0x4 zephyr/libzephyr.a(printk.c.obj)
                0x000000000000c2b4                arch_printk_char_out
 .text.str_out  0x000000000000c2b8       0x24 zephyr/libzephyr.a(printk.c.obj)
 .text.printk   0x000000000000c2dc       0x1a zephyr/libzephyr.a(printk.c.obj)
                0x000000000000c2dc                printk
 .text.snprintk
                0x000000000000c2f6       0x1a zephyr/libzephyr.a(printk.c.obj)
                0x000000000000c2f6                snprintk
 .text.z_thread_entry
                0x000000000000c310       0x14 zephyr/libzephyr.a(thread_entry.c.obj)
                0x000000000000c310                z_thread_entry
 .text.outs     0x000000000000c324       0x2e zephyr/libzephyr.a(cbprintf_complete.c.obj)
 .text.free_space
                0x000000000000c352       0x26 zephyr/libzephyr.a(mpsc_pbuf.c.obj)
 .text.get_usage
                0x000000000000c378       0x22 zephyr/libzephyr.a(mpsc_pbuf.c.obj)
 .text.idx_inc  0x000000000000c39a       0x1c zephyr/libzephyr.a(mpsc_pbuf.c.obj)
 .text.rd_idx_inc
                0x000000000000c3b6       0x18 zephyr/libzephyr.a(mpsc_pbuf.c.obj)
 .text.add_skip_item
                0x000000000000c3ce       0x3e zephyr/libzephyr.a(mpsc_pbuf.c.obj)
 .text.drop_item_locked
                0x000000000000c40c       0xee zephyr/libzephyr.a(mpsc_pbuf.c.obj)
 .text.post_drop_action
                0x000000000000c4fa       0x36 zephyr/libzephyr.a(mpsc_pbuf.c.obj)
 .text.max_utilization_update
                0x000000000000c530       0x1a zephyr/libzephyr.a(mpsc_pbuf.c.obj)
 .text.mpsc_pbuf_init
                0x000000000000c54a       0x42 zephyr/libzephyr.a(mpsc_pbuf.c.obj)
                0x000000000000c54a                mpsc_pbuf_init
 .text.mpsc_pbuf_alloc
                0x000000000000c58c       0xf8 zephyr/libzephyr.a(mpsc_pbuf.c.obj)
                0x000000000000c58c                mpsc_pbuf_alloc
 .text.mpsc_pbuf_commit
                0x000000000000c684       0x3e zephyr/libzephyr.a(mpsc_pbuf.c.obj)
                0x000000000000c684                mpsc_pbuf_commit
 .text.mpsc_pbuf_claim
                0x000000000000c6c2       0xa8 zephyr/libzephyr.a(mpsc_pbuf.c.obj)
                0x000000000000c6c2                mpsc_pbuf_claim
 .text.mpsc_pbuf_free
                0x000000000000c76a       0x76 zephyr/libzephyr.a(mpsc_pbuf.c.obj)
                0x000000000000c76a                mpsc_pbuf_free
 .text.mpsc_pbuf_is_pending
                0x000000000000c7e0       0x32 zephyr/libzephyr.a(mpsc_pbuf.c.obj)
                0x000000000000c7e0                mpsc_pbuf_is_pending
 .text.process_recheck
                0x000000000000c812       0x38 zephyr/libzephyr.a(onoff.c.obj)
 .text.validate_args
                0x000000000000c84a       0x20 zephyr/libzephyr.a(onoff.c.obj)
 .text.notify_one
                0x000000000000c86a       0x2c zephyr/libzephyr.a(onoff.c.obj)
 .text.transition_complete
                0x000000000000c896       0x1a zephyr/libzephyr.a(onoff.c.obj)
 .text.onoff_manager_init
                0x000000000000c8b0       0x26 zephyr/libzephyr.a(onoff.c.obj)
                0x000000000000c8b0                onoff_manager_init
 .text.onoff_request
                0x000000000000c8d6       0xae zephyr/libzephyr.a(onoff.c.obj)
                0x000000000000c8d6                onoff_request
 .text.onoff_release
                0x000000000000c984       0x48 zephyr/libzephyr.a(onoff.c.obj)
                0x000000000000c984                onoff_release
 .text.sys_notify_validate
                0x000000000000c9cc       0x22 zephyr/libzephyr.a(notify.c.obj)
                0x000000000000c9cc                sys_notify_validate
 .text.sys_notify_finalize
                0x000000000000c9ee       0x1a zephyr/libzephyr.a(notify.c.obj)
                0x000000000000c9ee                sys_notify_finalize
 .text._ConfigAbsSyms
                0x000000000000ca08        0x2 zephyr/libzephyr.a(configs.c.obj)
                0x000000000000ca08                _ConfigAbsSyms
 .text.log_msg_generic_get_wlen
                0x000000000000ca0a       0x20 zephyr/libzephyr.a(log_core.c.obj)
 .text.dummy_timestamp
                0x000000000000ca2a        0x4 zephyr/libzephyr.a(log_core.c.obj)
 .text.default_get_timestamp
                0x000000000000ca2e        0x4 zephyr/libzephyr.a(log_core.c.obj)
 .text.atomic_inc
                0x000000000000ca32       0x12 zephyr/libzephyr.a(log_core.c.obj)
 .text.z_log_vprintk
                0x000000000000ca44       0x1c zephyr/libzephyr.a(log_core.c.obj)
                0x000000000000ca44                z_log_vprintk
 .text.z_log_notify_drop
                0x000000000000ca60        0x6 zephyr/libzephyr.a(log_core.c.obj)
 .text.z_log_get_tag
                0x000000000000ca66        0x4 zephyr/libzephyr.a(log_core.c.obj)
                0x000000000000ca66                z_log_get_tag
 .text.z_cbprintf_cpy
                0x000000000000ca6a       0x2c zephyr/libzephyr.a(log_msg.c.obj)
 .text.z_log_msg_finalize
                0x000000000000ca96       0x32 zephyr/libzephyr.a(log_msg.c.obj)
                0x000000000000ca96                z_log_msg_finalize
 .text.z_log_msg_simple_create
                0x000000000000cac8       0x6e zephyr/libzephyr.a(log_msg.c.obj)
 .text.z_impl_z_log_msg_simple_create_0
                0x000000000000cb36       0x12 zephyr/libzephyr.a(log_msg.c.obj)
                0x000000000000cb36                z_impl_z_log_msg_simple_create_0
 .text.z_impl_z_log_msg_simple_create_1
                0x000000000000cb48       0x14 zephyr/libzephyr.a(log_msg.c.obj)
                0x000000000000cb48                z_impl_z_log_msg_simple_create_1
 .text.z_impl_z_log_msg_simple_create_2
                0x000000000000cb5c       0x18 zephyr/libzephyr.a(log_msg.c.obj)
                0x000000000000cb5c                z_impl_z_log_msg_simple_create_2
 .text.log_output_write
                0x000000000000cb74       0x1c zephyr/libzephyr.a(log_output.c.obj)
 .text.log_output_flush
                0x000000000000cb90       0x1a zephyr/libzephyr.a(log_output.c.obj)
 .text.cbvprintf
                0x000000000000cbaa        0xe zephyr/libzephyr.a(log_output.c.obj)
 .text.out_func
                0x000000000000cbb8       0x2e zephyr/libzephyr.a(log_output.c.obj)
 .text.cr_out_func
                0x000000000000cbe6       0x1c zephyr/libzephyr.a(log_output.c.obj)
 .text.log_output_msg_process
                0x000000000000cc02       0x6a zephyr/libzephyr.a(log_output.c.obj)
                0x000000000000cc02                log_output_msg_process
 .text.abort_function
                0x000000000000cc6c        0x2 zephyr/libzephyr.a(nrf_cc3xx_platform_abort_zephyr.c.obj)
 .text.z_do_kernel_oops
                0x000000000000cc6e        0x8 zephyr/arch/arch/arm/core/libarch__arm__core.a(fatal.c.obj)
                0x000000000000cc6e                z_do_kernel_oops
 .text.z_arm_nmi
                0x000000000000cc76        0xe zephyr/arch/arch/arm/core/libarch__arm__core.a(nmi.c.obj)
                0x000000000000cc76                z_arm_nmi
 .text.z_log_msg_simple_create_0.constprop.0
                0x000000000000cc84        0x8 zephyr/arch/arch/arm/core/cortex_m/libarch__arm__core__cortex_m.a(fault.c.obj)
 .text.z_irq_spurious
                0x000000000000cc8c        0x8 zephyr/arch/arch/arm/core/cortex_m/libarch__arm__core__cortex_m.a(irq_manage.c.obj)
                0x000000000000cc8c                z_irq_spurious
 .text.configure_builtin_stack_guard
                0x000000000000cc94        0x8 zephyr/arch/arch/arm/core/cortex_m/libarch__arm__core__cortex_m.a(thread.c.obj)
                0x000000000000cc94                configure_builtin_stack_guard
 .text.arch_irq_unlock_outlined
                0x000000000000cc9c        0xe zephyr/arch/arch/arm/core/cortex_m/libarch__arm__core__cortex_m.a(thread.c.obj)
                0x000000000000cc9c                arch_irq_unlock_outlined
 .text.arch_cpu_idle
                0x000000000000ccaa       0x32 zephyr/arch/arch/arm/core/cortex_m/libarch__arm__core__cortex_m.a(cpu_idle.c.obj)
                0x000000000000ccaa                arch_cpu_idle
 .text.arch_cpu_atomic_idle
                0x000000000000ccdc       0x38 zephyr/arch/arch/arm/core/cortex_m/libarch__arm__core__cortex_m.a(cpu_idle.c.obj)
                0x000000000000ccdc                arch_cpu_atomic_idle
 .text.arm_cmse_mpu_region_get
                0x000000000000cd14       0x12 zephyr/arch/arch/arm/core/cortex_m/cmse/libarch__arm__core__cortex_m__cmse.a(arm_core_cmse.c.obj)
                0x000000000000cd14                arm_cmse_mpu_region_get
 .text.mpu_configure_region
                0x000000000000cd26       0x32 zephyr/arch/arch/arm/core/mpu/libarch__arm__core__mpu.a(arm_mpu.c.obj)
 .text._stdin_hook_default
                0x000000000000cd58        0x4 zephyr/lib/libc/newlib/liblib__libc__newlib.a(libc-hooks.c.obj)
 .text._stdout_hook_default
                0x000000000000cd5c        0x6 zephyr/lib/libc/newlib/liblib__libc__newlib.a(libc-hooks.c.obj)
 .text.malloc_prepare
                0x000000000000cd62        0x4 zephyr/lib/libc/newlib/liblib__libc__newlib.a(libc-hooks.c.obj)
 .text._read    0x000000000000cd66        0x8 zephyr/lib/libc/newlib/liblib__libc__newlib.a(libc-hooks.c.obj)
                0x000000000000cd66                read
                0x000000000000cd66                _read
 .text._write   0x000000000000cd6e        0x8 zephyr/lib/libc/newlib/liblib__libc__newlib.a(libc-hooks.c.obj)
                0x000000000000cd6e                write
                0x000000000000cd6e                _write
 .text._close   0x000000000000cd76        0x6 zephyr/lib/libc/newlib/liblib__libc__newlib.a(libc-hooks.c.obj)
                0x000000000000cd76                close
                0x000000000000cd76                _close
 .text._lseek   0x000000000000cd7c        0x4 zephyr/lib/libc/newlib/liblib__libc__newlib.a(libc-hooks.c.obj)
                0x000000000000cd7c                lseek
                0x000000000000cd7c                _lseek
 .text._isatty  0x000000000000cd80        0xa zephyr/lib/libc/newlib/liblib__libc__newlib.a(libc-hooks.c.obj)
                0x000000000000cd80                isatty
                0x000000000000cd80                _isatty
 .text._fstat   0x000000000000cd8a        0xa zephyr/lib/libc/newlib/liblib__libc__newlib.a(libc-hooks.c.obj)
                0x000000000000cd8a                _fstat
                0x000000000000cd8a                fstat
 .text.__retarget_lock_init_recursive
                0x000000000000cd94       0x14 zephyr/lib/libc/newlib/liblib__libc__newlib.a(libc-hooks.c.obj)
                0x000000000000cd94                __retarget_lock_init_recursive
 .text.__retarget_lock_acquire_recursive
                0x000000000000cda8        0xc zephyr/lib/libc/newlib/liblib__libc__newlib.a(libc-hooks.c.obj)
                0x000000000000cda8                __retarget_lock_acquire_recursive
 .text.__retarget_lock_release_recursive
                0x000000000000cdb4        0x4 zephyr/lib/libc/newlib/liblib__libc__newlib.a(libc-hooks.c.obj)
                0x000000000000cdb4                __retarget_lock_release_recursive
 .text.onoff_stop
                0x000000000000cdb8       0x10 zephyr/soc/soc/nrf5340/libsoc__nordic.a(nrf53_cpunet_mgmt.c.obj)
 .text.get_status
                0x000000000000cdc8       0x12 zephyr/drivers/clock_control/libdrivers__clock_control.a(clock_control_nrf.c.obj)
 .text.stop     0x000000000000cdda       0x50 zephyr/drivers/clock_control/libdrivers__clock_control.a(clock_control_nrf.c.obj)
 .text.api_stop
                0x000000000000ce2a        0x6 zephyr/drivers/clock_control/libdrivers__clock_control.a(clock_control_nrf.c.obj)
 .text.async_start
                0x000000000000ce30       0x5a zephyr/drivers/clock_control/libdrivers__clock_control.a(clock_control_nrf.c.obj)
 .text.api_start
                0x000000000000ce8a        0xe zephyr/drivers/clock_control/libdrivers__clock_control.a(clock_control_nrf.c.obj)
 .text.onoff_started_callback
                0x000000000000ce98       0x12 zephyr/drivers/clock_control/libdrivers__clock_control.a(clock_control_nrf.c.obj)
 .text.hfclkaudio_start
                0x000000000000ceaa        0x6 zephyr/drivers/clock_control/libdrivers__clock_control.a(clock_control_nrf.c.obj)
 .text.hfclk192m_start
                0x000000000000ceb0        0x6 zephyr/drivers/clock_control/libdrivers__clock_control.a(clock_control_nrf.c.obj)
 .text.lfclk_start
                0x000000000000ceb6        0x6 zephyr/drivers/clock_control/libdrivers__clock_control.a(clock_control_nrf.c.obj)
 .text.hfclkaudio_stop
                0x000000000000cebc        0x6 zephyr/drivers/clock_control/libdrivers__clock_control.a(clock_control_nrf.c.obj)
 .text.hfclk192m_stop
                0x000000000000cec2        0x6 zephyr/drivers/clock_control/libdrivers__clock_control.a(clock_control_nrf.c.obj)
 .text.lfclk_stop
                0x000000000000cec8        0x6 zephyr/drivers/clock_control/libdrivers__clock_control.a(clock_control_nrf.c.obj)
 .text.blocking_start_callback
                0x000000000000cece        0x6 zephyr/drivers/clock_control/libdrivers__clock_control.a(clock_control_nrf.c.obj)
 .text.qspi_handler
                0x000000000000ced4        0xc zephyr/drivers/flash/libdrivers__flash.a(nrf_qspi_nor.c.obj)
 .text.qspi_release
                0x000000000000cee0       0x38 zephyr/drivers/flash/libdrivers__flash.a(nrf_qspi_nor.c.obj)
 .text.qspi_acquire
                0x000000000000cf18       0x3e zephyr/drivers/flash/libdrivers__flash.a(nrf_qspi_nor.c.obj)
 .text.qspi_rdsr.constprop.0.isra.0
                0x000000000000cf56       0x36 zephyr/drivers/flash/libdrivers__flash.a(nrf_qspi_nor.c.obj)
 .text.qspi_nor_write_protection_set.isra.0
                0x000000000000cf8c       0x2a zephyr/drivers/flash/libdrivers__flash.a(nrf_qspi_nor.c.obj)
 .text.is_regular_addr_valid
                0x000000000000cfb6       0x22 zephyr/drivers/flash/libdrivers__flash.a(soc_flash_nrf.c.obj)
 .text.flash_nrf_read
                0x000000000000cfd8       0x2e zephyr/drivers/flash/libdrivers__flash.a(soc_flash_nrf.c.obj)
 .text.gpio_nrfx_port_get_raw
                0x000000000000d006        0xc zephyr/drivers/gpio/libdrivers__gpio.a(gpio_nrfx.c.obj)
 .text.gpio_nrfx_port_set_masked_raw
                0x000000000000d012       0x14 zephyr/drivers/gpio/libdrivers__gpio.a(gpio_nrfx.c.obj)
 .text.gpio_nrfx_port_set_bits_raw
                0x000000000000d026        0xa zephyr/drivers/gpio/libdrivers__gpio.a(gpio_nrfx.c.obj)
 .text.gpio_nrfx_port_clear_bits_raw
                0x000000000000d030        0xa zephyr/drivers/gpio/libdrivers__gpio.a(gpio_nrfx.c.obj)
 .text.gpio_nrfx_port_toggle_bits
                0x000000000000d03a       0x14 zephyr/drivers/gpio/libdrivers__gpio.a(gpio_nrfx.c.obj)
 .text.gpio_nrfx_manage_callback
                0x000000000000d04e       0x52 zephyr/drivers/gpio/libdrivers__gpio.a(gpio_nrfx.c.obj)
 .text.i2s_nrfx_config_get
                0x000000000000d0a0       0x2c zephyr/drivers/i2s/libdrivers__i2s.a(i2s_nrfx.c.obj)
 .text.get_next_tx_buffer
                0x000000000000d0cc       0x26 zephyr/drivers/i2s/libdrivers__i2s.a(i2s_nrfx.c.obj)
 .text.z_log_msg_simple_create_1.constprop.0
                0x000000000000d0f2        0xa zephyr/drivers/i2s/libdrivers__i2s.a(i2s_nrfx.c.obj)
 .text.supply_next_buffers
                0x000000000000d0fc       0x4a zephyr/drivers/i2s/libdrivers__i2s.a(i2s_nrfx.c.obj)
 .text.z_log_msg_simple_create_0.constprop.0
                0x000000000000d146        0x8 zephyr/drivers/i2s/libdrivers__i2s.a(i2s_nrfx.c.obj)
 .text.clock_started_callback
                0x000000000000d14e       0x2a zephyr/drivers/i2s/libdrivers__i2s.a(i2s_nrfx.c.obj)
 .text.purge_queue.isra.0
                0x000000000000d178       0x52 zephyr/drivers/i2s/libdrivers__i2s.a(i2s_nrfx.c.obj)
 .text.mbox_nrf_register_callback
                0x000000000000d1ca       0x1c zephyr/drivers/mbox/libdrivers__mbox.a(mbox_nrfx_ipc.c.obj)
 .text.mbox_nrf_mtu_get
                0x000000000000d1e6        0x4 zephyr/drivers/mbox/libdrivers__mbox.a(mbox_nrfx_ipc.c.obj)
 .text.mbox_nrf_max_channels_get
                0x000000000000d1ea        0x4 zephyr/drivers/mbox/libdrivers__mbox.a(mbox_nrfx_ipc.c.obj)
 .text.pinctrl_lookup_state
                0x000000000000d1ee       0x26 zephyr/drivers/pinctrl/libdrivers__pinctrl.a(common.c.obj)
                0x000000000000d1ee                pinctrl_lookup_state
 .text.event_clear
                0x000000000000d214       0x18 zephyr/drivers/timer/libdrivers__timer.a(nrf_rtc_timer.c.obj)
 .text.z_nrf_rtc_timer_capture_task_address_get
                0x000000000000d22c       0x14 zephyr/drivers/timer/libdrivers__timer.a(nrf_rtc_timer.c.obj)
                0x000000000000d22c                z_nrf_rtc_timer_capture_task_address_get
 .text.z_nrf_rtc_timer_set
                0x000000000000d240       0x18 zephyr/drivers/timer/libdrivers__timer.a(nrf_rtc_timer.c.obj)
                0x000000000000d240                z_nrf_rtc_timer_set
 .text.sys_clock_cycle_get_32
                0x000000000000d258        0x8 zephyr/drivers/timer/libdrivers__timer.a(nrf_rtc_timer.c.obj)
                0x000000000000d258                sys_clock_cycle_get_32
 .text.hw_cc3xx_init_internal
                0x000000000000d260        0x4 modules/nrf/drivers/hw_cc3xx/lib..__nrf__drivers__hw_cc3xx.a(hw_cc3xx.c.obj)
 .text.hw_cc3xx_init
                0x000000000000d264       0x12 modules/nrf/drivers/hw_cc3xx/lib..__nrf__drivers__hw_cc3xx.a(hw_cc3xx.c.obj)